Archive member included to satisfy reference by file (symbol)

D:/Software/STM32CubeIDE_1.19.0/STM32CubeIDE/plugins/com.st.stm32cube.ide.mcu.externaltools.gnu-tools-for-stm32.13.3.rel1.win32_1.0.0.202411081344/tools/bin/../lib/gcc/arm-none-eabi/13.3.1/../../../../arm-none-eabi/lib/thumb/v7-m/nofp\libc_nano.a(libc_a-atof.o)
                              ./Core/Src/grbl_AxisArm.o (atof)
D:/Software/STM32CubeIDE_1.19.0/STM32CubeIDE/plugins/com.st.stm32cube.ide.mcu.externaltools.gnu-tools-for-stm32.13.3.rel1.win32_1.0.0.202411081344/tools/bin/../lib/gcc/arm-none-eabi/13.3.1/../../../../arm-none-eabi/lib/thumb/v7-m/nofp\libc_nano.a(libc_a-atoi.o)
                              ./Core/Src/grbl_AxisArm.o (atoi)
D:/Software/STM32CubeIDE_1.19.0/STM32CubeIDE/plugins/com.st.stm32cube.ide.mcu.externaltools.gnu-tools-for-stm32.13.3.rel1.win32_1.0.0.202411081344/tools/bin/../lib/gcc/arm-none-eabi/13.3.1/../../../../arm-none-eabi/lib/thumb/v7-m/nofp\libc_nano.a(libc_a-exit.o)
                              D:/Software/STM32CubeIDE_1.19.0/STM32CubeIDE/plugins/com.st.stm32cube.ide.mcu.externaltools.gnu-tools-for-stm32.13.3.rel1.win32_1.0.0.202411081344/tools/bin/../lib/gcc/arm-none-eabi/13.3.1/../../../../arm-none-eabi/lib/thumb/v7-m/nofp/crt0.o (exit)
D:/Software/STM32CubeIDE_1.19.0/STM32CubeIDE/plugins/com.st.stm32cube.ide.mcu.externaltools.gnu-tools-for-stm32.13.3.rel1.win32_1.0.0.202411081344/tools/bin/../lib/gcc/arm-none-eabi/13.3.1/../../../../arm-none-eabi/lib/thumb/v7-m/nofp\libc_nano.a(libc_a-strtod.o)
                              D:/Software/STM32CubeIDE_1.19.0/STM32CubeIDE/plugins/com.st.stm32cube.ide.mcu.externaltools.gnu-tools-for-stm32.13.3.rel1.win32_1.0.0.202411081344/tools/bin/../lib/gcc/arm-none-eabi/13.3.1/../../../../arm-none-eabi/lib/thumb/v7-m/nofp\libc_nano.a(libc_a-atof.o) (strtod)
D:/Software/STM32CubeIDE_1.19.0/STM32CubeIDE/plugins/com.st.stm32cube.ide.mcu.externaltools.gnu-tools-for-stm32.13.3.rel1.win32_1.0.0.202411081344/tools/bin/../lib/gcc/arm-none-eabi/13.3.1/../../../../arm-none-eabi/lib/thumb/v7-m/nofp\libc_nano.a(libc_a-strtol.o)
                              D:/Software/STM32CubeIDE_1.19.0/STM32CubeIDE/plugins/com.st.stm32cube.ide.mcu.externaltools.gnu-tools-for-stm32.13.3.rel1.win32_1.0.0.202411081344/tools/bin/../lib/gcc/arm-none-eabi/13.3.1/../../../../arm-none-eabi/lib/thumb/v7-m/nofp\libc_nano.a(libc_a-atoi.o) (_strtol_r)
D:/Software/STM32CubeIDE_1.19.0/STM32CubeIDE/plugins/com.st.stm32cube.ide.mcu.externaltools.gnu-tools-for-stm32.13.3.rel1.win32_1.0.0.202411081344/tools/bin/../lib/gcc/arm-none-eabi/13.3.1/../../../../arm-none-eabi/lib/thumb/v7-m/nofp\libc_nano.a(libc_a-ctype_.o)
                              D:/Software/STM32CubeIDE_1.19.0/STM32CubeIDE/plugins/com.st.stm32cube.ide.mcu.externaltools.gnu-tools-for-stm32.13.3.rel1.win32_1.0.0.202411081344/tools/bin/../lib/gcc/arm-none-eabi/13.3.1/../../../../arm-none-eabi/lib/thumb/v7-m/nofp\libc_nano.a(libc_a-strtol.o) (_ctype_)
D:/Software/STM32CubeIDE_1.19.0/STM32CubeIDE/plugins/com.st.stm32cube.ide.mcu.externaltools.gnu-tools-for-stm32.13.3.rel1.win32_1.0.0.202411081344/tools/bin/../lib/gcc/arm-none-eabi/13.3.1/../../../../arm-none-eabi/lib/thumb/v7-m/nofp\libc_nano.a(libc_a-findfp.o)
                              D:/Software/STM32CubeIDE_1.19.0/STM32CubeIDE/plugins/com.st.stm32cube.ide.mcu.externaltools.gnu-tools-for-stm32.13.3.rel1.win32_1.0.0.202411081344/tools/bin/../lib/gcc/arm-none-eabi/13.3.1/../../../../arm-none-eabi/lib/thumb/v7-m/nofp\libc_nano.a(libc_a-exit.o) (__stdio_exit_handler)
D:/Software/STM32CubeIDE_1.19.0/STM32CubeIDE/plugins/com.st.stm32cube.ide.mcu.externaltools.gnu-tools-for-stm32.13.3.rel1.win32_1.0.0.202411081344/tools/bin/../lib/gcc/arm-none-eabi/13.3.1/../../../../arm-none-eabi/lib/thumb/v7-m/nofp\libc_nano.a(libc_a-fwalk.o)
                              D:/Software/STM32CubeIDE_1.19.0/STM32CubeIDE/plugins/com.st.stm32cube.ide.mcu.externaltools.gnu-tools-for-stm32.13.3.rel1.win32_1.0.0.202411081344/tools/bin/../lib/gcc/arm-none-eabi/13.3.1/../../../../arm-none-eabi/lib/thumb/v7-m/nofp\libc_nano.a(libc_a-findfp.o) (_fwalk_sglue)
D:/Software/STM32CubeIDE_1.19.0/STM32CubeIDE/plugins/com.st.stm32cube.ide.mcu.externaltools.gnu-tools-for-stm32.13.3.rel1.win32_1.0.0.202411081344/tools/bin/../lib/gcc/arm-none-eabi/13.3.1/../../../../arm-none-eabi/lib/thumb/v7-m/nofp\libc_nano.a(libc_a-stdio.o)
                              D:/Software/STM32CubeIDE_1.19.0/STM32CubeIDE/plugins/com.st.stm32cube.ide.mcu.externaltools.gnu-tools-for-stm32.13.3.rel1.win32_1.0.0.202411081344/tools/bin/../lib/gcc/arm-none-eabi/13.3.1/../../../../arm-none-eabi/lib/thumb/v7-m/nofp\libc_nano.a(libc_a-findfp.o) (__sread)
D:/Software/STM32CubeIDE_1.19.0/STM32CubeIDE/plugins/com.st.stm32cube.ide.mcu.externaltools.gnu-tools-for-stm32.13.3.rel1.win32_1.0.0.202411081344/tools/bin/../lib/gcc/arm-none-eabi/13.3.1/../../../../arm-none-eabi/lib/thumb/v7-m/nofp\libc_nano.a(libc_a-memset.o)
[...]
Memory Configuration

Name             Origin             Length             Attributes
RAM              0x20000000         0x00005000         xrw
FLASH            0x08000000         0x00010000         xr
*default*        0x00000000         0xffffffff

Linker script and memory map

LOAD D:/Software/STM32CubeIDE_1.19.0/STM32CubeIDE/plugins/com.st.stm32cube.ide.mcu.externaltools.gnu-tools-for-stm32.13.3.rel1.win32_1.0.0.202411081344/tools/bin/../lib/gcc/arm-none-eabi/13.3.1/thumb/v7-m/nofp/crti.o
LOAD D:/Software/STM32CubeIDE_1.19.0/STM32CubeIDE/plugins/com.st.stm32cube.ide.mcu.externaltools.gnu-tools-for-stm32.13.3.rel1.win32_1.0.0.202411081344/tools/bin/../lib/gcc/arm-none-eabi/13.3.1/thumb/v7-m/nofp/crtbegin.o
LOAD D:/Software/STM32CubeIDE_1.19.0/STM32CubeIDE/plugins/com.st.stm32cube.ide.mcu.externaltools.gnu-tools-for-stm32.13.3.rel1.win32_1.0.0.202411081344/tools/bin/../lib/gcc/arm-none-eabi/13.3.1/../../../../arm-none-eabi/lib/thumb/v7-m/nofp/crt0.o
LOAD ./Core/Src/grbl_AxisArm.o
LOAD ./Core/Src/main.o
LOAD ./Core/Src/stm32f1xx_hal_msp.o
LOAD ./Core/Src/stm32f1xx_it.o
LOAD ./Core/Src/syscalls.o
LOAD ./Core/Src/sysmem.o
LOAD ./Core/Src/system_stm32f1xx.o
LOAD ./Core/Startup/startup_stm32f103c8tx.o
LOAD ./Drivers/STM32F1xx_HAL_Driver/Src/stm32f1xx_hal.o
LOAD ./Drivers/STM32F1xx_HAL_Driver/Src/stm32f1xx_hal_cortex.o
LOAD ./Drivers/STM32F1xx_HAL_Driver/Src/stm32f1xx_hal_dma.o
LOAD ./Drivers/STM32F1xx_HAL_Driver/Src/stm32f1xx_hal_exti.o
LOAD ./Drivers/STM32F1xx_HAL_Driver/Src/stm32f1xx_hal_flash.o
LOAD ./Drivers/STM32F1xx_HAL_Driver/Src/stm32f1xx_hal_flash_ex.o
LOAD ./Drivers/STM32F1xx_HAL_Driver/Src/stm32f1xx_hal_gpio.o
LOAD ./Drivers/STM32F1xx_HAL_Driver/Src/stm32f1xx_hal_gpio_ex.o
LOAD ./Drivers/STM32F1xx_HAL_Driver/Src/stm32f1xx_hal_pwr.o
LOAD ./Drivers/STM32F1xx_HAL_Driver/Src/stm32f1xx_hal_rcc.o
LOAD ./Drivers/STM32F1xx_HAL_Driver/Src/stm32f1xx_hal_rcc_ex.o
LOAD ./Drivers/STM32F1xx_HAL_Driver/Src/stm32f1xx_hal_tim.o
LOAD ./Drivers/STM32F1xx_HAL_Driver/Src/stm32f1xx_hal_tim_ex.o
START GROUP
LOAD D:/Software/STM32CubeIDE_1.19.0/STM32CubeIDE/plugins/com.st.stm32cube.ide.mcu.externaltools.gnu-tools-for-stm32.13.3.rel1.win32_1.0.0.202411081344/tools/bin/../lib/gcc/arm-none-eabi/13.3.1/../../../../arm-none-eabi/lib/thumb/v7-m/nofp\libc_nano.a
LOAD D:/Software/STM32CubeIDE_1.19.0/STM32CubeIDE/plugins/com.st.stm32cube.ide.mcu.externaltools.gnu-tools-for-stm32.13.3.rel1.win32_1.0.0.202411081344/tools/bin/../lib/gcc/arm-none-eabi/13.3.1/../../../../arm-none-eabi/lib/thumb/v7-m/nofp\libm.a
END GROUP
START GROUP
LOAD D:/Software/STM32CubeIDE_1.19.0/STM32CubeIDE/plugins/com.st.stm32cube.ide.mcu.externaltools.gnu-tools-for-stm32.13.3.rel1.win32_1.0.0.202411081344/tools/bin/../lib/gcc/arm-none-eabi/13.3.1/thumb/v7-m/nofp\libgcc.a
LOAD D:/Software/STM32CubeIDE_1.19.0/STM32CubeIDE/plugins/com.st.stm32cube.ide.mcu.externaltools.gnu-tools-for-stm32.13.3.rel1.win32_1.0.0.202411081344/tools/bin/../lib/gcc/arm-none-eabi/13.3.1/../../../../arm-none-eabi/lib/thumb/v7-m/nofp\libc_nano.a
END GROUP
START GROUP
LOAD D:/Software/STM32CubeIDE_1.19.0/STM32CubeIDE/plugins/com.st.stm32cube.ide.mcu.externaltools.gnu-tools-for-stm32.13.3.rel1.win32_1.0.0.202411081344/tools/bin/../lib/gcc/arm-none-eabi/13.3.1/thumb/v7-m/nofp\libgcc.a
LOAD D:/Software/STM32CubeIDE_1.19.0/STM32CubeIDE/plugins/com.st.stm32cube.ide.mcu.externaltools.gnu-tools-for-stm32.13.3.rel1.win32_1.0.0.202411081344/tools/bin/../lib/gcc/arm-none-eabi/13.3.1/../../../../arm-none-eabi/lib/thumb/v7-m/nofp\libc_nano.a
LOAD D:/Software/STM32CubeIDE_1.19.0/STM32CubeIDE/plugins/com.st.stm32cube.ide.mcu.externaltools.gnu-tools-for-stm32.13.3.rel1.win32_1.0.0.202411081344/tools/bin/../lib/gcc/arm-none-eabi/13.3.1/../../../../arm-none-eabi/lib/thumb/v7-m/nofp\libnosys.a
END GROUP
START GROUP
LOAD D:/Software/STM32CubeIDE_1.19.0/STM32CubeIDE/plugins/com.st.stm32cube.ide.mcu.externaltools.gnu-tools-for-stm32.13.3.rel1.win32_1.0.0.202411081344/tools/bin/../lib/gcc/arm-none-eabi/13.3.1/thumb/v7-m/nofp\libgcc.a
LOAD D:/Software/STM32CubeIDE_1.19.0/STM32CubeIDE/plugins/com.st.stm32cube.ide.mcu.externaltools.gnu-tools-for-stm32.13.3.rel1.win32_1.0.0.202411081344/tools/bin/../lib/gcc/arm-none-eabi/13.3.1/../../../../arm-none-eabi/lib/thumb/v7-m/nofp\libc_nano.a
LOAD D:/Software/STM32CubeIDE_1.19.0/STM32CubeIDE/plugins/com.st.stm32cube.ide.mcu.externaltools.gnu-tools-for-stm32.13.3.rel1.win32_1.0.0.202411081344/tools/bin/../lib/gcc/arm-none-eabi/13.3.1/../../../../arm-none-eabi/lib/thumb/v7-m/nofp\libnosys.a
END GROUP
LOAD D:/Software/STM32CubeIDE_1.19.0/STM32CubeIDE/plugins/com.st.stm32cube.ide.mcu.externaltools.gnu-tools-for-stm32.13.3.rel1.win32_1.0.0.202411081344/tools/bin/../lib/gcc/arm-none-eabi/13.3.1/thumb/v7-m/nofp/crtend.o
LOAD D:/Software/STM32CubeIDE_1.19.0/STM32CubeIDE/plugins/com.st.stm32cube.ide.mcu.externaltools.gnu-tools-for-stm32.13.3.rel1.win32_1.0.0.202411081344/tools/bin/../lib/gcc/arm-none-eabi/13.3.1/thumb/v7-m/nofp/crtn.o
                0x20005000                        _estack = (ORIGIN (RAM) + LENGTH (RAM))
                0x00000200                        _Min_Heap_Size = 0x200
                0x00000400                        _Min_Stack_Size = 0x400

.isr_vector     0x08000000      0x10c
                0x08000000                        . = ALIGN (0x4)
 *(.isr_vector)
 .isr_vector    0x08000000      0x10c ./Core/Startup/startup_stm32f103c8tx.o
                0x08000000                g_pfnVectors
                0x0800010c                        . = ALIGN (0x4)

.text           0x08000110     0xcae4
                0x08000110                        . = ALIGN (0x4)
 *(.text)
 .text          0x08000110       0x40 D:/Software/STM32CubeIDE_1.19.0/STM32CubeIDE/plugins/com.st.stm32cube.ide.mcu.externaltools.gnu-tools-for-stm32.13.3.rel1.win32_1.0.0.202411081344/tools/bin/../lib/gcc/arm-none-eabi/13.3.1/thumb/v7-m/nofp/crtbegin.o
 .text          0x08000150       0x14 D:/Software/STM32CubeIDE_1.19.0/STM32CubeIDE/plugins/com.st.stm32cube.ide.mcu.externaltools.gnu-tools-for-stm32.13.3.rel1.win32_1.0.0.202411081344/tools/bin/../lib/gcc/arm-none-eabi/13.3.1/../../../../arm-none-eabi/lib/thumb/v7-m/nofp\libc_nano.a(libc_a-strcmp.o)
                0x08000150                strcmp
 .text          0x08000164      0x378 D:/Software/STM32CubeIDE_1.19.0/STM32CubeIDE/plugins/com.st.stm32cube.ide.mcu.externaltools.gnu-tools-for-stm32.13.3.rel1.win32_1.0.0.202411081344/tools/bin/../lib/gcc/arm-none-eabi/13.3.1/thumb/v7-m/nofp\libgcc.a(_arm_addsubdf3.o)
                0x08000164                __aeabi_drsub
                0x0800016c                __aeabi_dsub
                0x0800016c                __subdf3
                0x08000170                __aeabi_dadd
                0x08000170                __adddf3
                0x080003e8                __floatunsidf
                0x080003e8                __aeabi_ui2d
                0x08000408                __floatsidf
                0x08000408                __aeabi_i2d
                0x0800042c                __aeabi_f2d
                0x0800042c                __extendsfdf2
                0x08000470                __floatundidf
                0x08000470                __aeabi_ul2d
                0x08000480                __floatdidf
                0x08000480                __aeabi_l2d
 .text          0x080004dc      0x424 D:/Software/STM32CubeIDE_1.19.0/STM32CubeIDE/plugins/com.st.stm32cube.ide.mcu.externaltools.gnu-tools-for-stm32.13.3.rel1.win32_1.0.0.202411081344/tools/bin/../lib/gcc/arm-none-eabi/13.3.1/thumb/v7-m/nofp\libgcc.a(_arm_muldivdf3.o)
                0x080004dc                __aeabi_dmul
                0x080004dc                __muldf3
                0x08000730                __divdf3
                0x08000730                __aeabi_ddiv
 .text          0x08000900      0x110 D:/Software/STM32CubeIDE_1.19.0/STM32CubeIDE/plugins/com.st.stm32cube.ide.mcu.externaltools.gnu-tools-for-stm32.13.3.rel1.win32_1.0.0.202411081344/tools/bin/../lib/gcc/arm-none-eabi/13.3.1/thumb/v7-m/nofp\libgcc.a(_arm_cmpdf2.o)
                0x08000900                __gtdf2
                0x08000900                __gedf2
                0x08000908                __ltdf2
                0x08000908                __ledf2
                0x08000910                __nedf2
                0x08000910                __eqdf2
                0x08000910                __cmpdf2
                0x0800098c                __aeabi_cdrcmple
                0x0800099c                __aeabi_cdcmpeq
                0x0800099c                __aeabi_cdcmple
                0x080009ac                __aeabi_dcmpeq
                0x080009c0                __aeabi_dcmplt
                0x080009d4                __aeabi_dcmple
                0x080009e8                __aeabi_dcmpge
                0x080009fc                __aeabi_dcmpgt
 .text          0x08000a10       0x2c D:/Software/STM32CubeIDE_1.19.0/STM32CubeIDE/plugins/com.st.stm32cube.ide.mcu.externaltools.gnu-tools-for-stm32.13.3.rel1.win32_1.0.0.202411081344/tools/bin/../lib/gcc/arm-none-eabi/13.3.1/thumb/v7-m/nofp\libgcc.a(_arm_unorddf2.o)
                0x08000a10                __unorddf2
                0x08000a10                __aeabi_dcmpun
 .text          0x08000a3c       0x40 D:/Software/STM32CubeIDE_1.19.0/STM32CubeIDE/plugins/com.st.stm32cube.ide.mcu.externaltools.gnu-tools-for-stm32.13.3.rel1.win32_1.0.0.202411081344/tools/bin/../lib/gcc/arm-none-eabi/13.3.1/thumb/v7-m/nofp\libgcc.a(_arm_fixunsdfsi.o)
                0x08000a3c                __aeabi_d2uiz
                0x08000a3c                __fixunsdfsi
 .text          0x08000a7c       0xa0 D:/Software/STM32CubeIDE_1.19.0/STM32CubeIDE/plugins/com.st.stm32cube.ide.mcu.externaltools.gnu-tools-for-stm32.13.3.rel1.win32_1.0.0.202411081344/tools/bin/../lib/gcc/arm-none-eabi/13.3.1/thumb/v7-m/nofp\libgcc.a(_arm_truncdfsf2.o)
                0x08000a7c                __truncdfsf2
                0x08000a7c                __aeabi_d2f
 .text          0x08000b1c      0x21c D:/Software/STM32CubeIDE_1.19.0/STM32CubeIDE/plugins/com.st.stm32cube.ide.mcu.externaltools.gnu-tools-for-stm32.13.3.rel1.win32_1.0.0.202411081344/tools/bin/../lib/gcc/arm-none-eabi/13.3.1/thumb/v7-m/nofp\libgcc.a(_arm_addsubsf3.o)
                0x08000b1c                __aeabi_frsub
                0x08000b24                __subsf3
                0x08000b24                __aeabi_fsub
                0x08000b28                __aeabi_fadd
                0x08000b28                __addsf3
                0x08000c88                __aeabi_ui2f
                0x08000c88                __floatunsisf
                0x08000c90                __aeabi_i2f
                0x08000c90                __floatsisf
                0x08000cac                __aeabi_ul2f
                0x08000cac                __floatundisf
                0x08000cbc                __aeabi_l2f
                0x08000cbc                __floatdisf
 .text          0x08000d38      0x2a0 D:/Software/STM32CubeIDE_1.19.0/STM32CubeIDE/plugins/com.st.stm32cube.ide.mcu.externaltools.gnu-tools-for-stm32.13.3.rel1.win32_1.0.0.202411081344/tools/bin/../lib/gcc/arm-none-eabi/13.3.1/thumb/v7-m/nofp\libgcc.a(_arm_muldivsf3.o)
                0x08000d38                __mulsf3
                0x08000d38                __aeabi_fmul
                0x08000ea0                __aeabi_fdiv
                0x08000ea0                __divsf3
 .text          0x08000fd8       0xec D:/Software/STM32CubeIDE_1.19.0/STM32CubeIDE/plugins/com.st.stm32cube.ide.mcu.externaltools.gnu-tools-for-stm32.13.3.rel1.win32_1.0.0.202411081344/tools/bin/../lib/gcc/arm-none-eabi/13.3.1/thumb/v7-m/nofp\libgcc.a(_arm_cmpsf2.o)
                0x08000fd8                __gesf2
                0x08000fd8                __gtsf2
                0x08000fe0                __lesf2
                0x08000fe0                __ltsf2
                0x08000fe8                __nesf2
                0x08000fe8                __eqsf2
                0x08000fe8                __cmpsf2
                0x08001048                __aeabi_cfrcmple
                0x08001050                __aeabi_cfcmpeq
                0x08001050                __aeabi_cfcmple
                0x08001060                __aeabi_fcmpeq
                0x08001074                __aeabi_fcmplt
                0x08001088                __aeabi_fcmple
                0x0800109c                __aeabi_fcmpge
                0x080010b0                __aeabi_fcmpgt
 .text          0x080010c4       0x2c D:/Software/STM32CubeIDE_1.19.0/STM32CubeIDE/plugins/com.st.stm32cube.ide.mcu.externaltools.gnu-tools-for-stm32.13.3.rel1.win32_1.0.0.202411081344/tools/bin/../lib/gcc/arm-none-eabi/13.3.1/thumb/v7-m/nofp\libgcc.a(_arm_unordsf2.o)
                0x080010c4                __unordsf2
                0x080010c4                __aeabi_fcmpun
 .text          0x080010f0       0x4c D:/Software/STM32CubeIDE_1.19.0/STM32CubeIDE/plugins/com.st.stm32cube.ide.mcu.externaltools.gnu-tools-for-stm32.13.3.rel1.win32_1.0.0.202411081344/tools/bin/../lib/gcc/arm-none-eabi/13.3.1/thumb/v7-m/nofp\libgcc.a(_arm_fixsfsi.o)
                0x080010f0                __aeabi_f2iz
                0x080010f0                __fixsfsi
 .text          0x0800113c       0x40 D:/Software/STM32CubeIDE_1.19.0/STM32CubeIDE/plugins/com.st.stm32cube.ide.mcu.externaltools.gnu-tools-for-stm32.13.3.rel1.win32_1.0.0.202411081344/tools/bin/../lib/gcc/arm-none-eabi/13.3.1/thumb/v7-m/nofp\libgcc.a(_arm_fixunssfsi.o)
                0x0800113c                __fixunssfsi
                0x0800113c                __aeabi_f2uiz
 .text          0x0800117c       0x28 D:/Software/STM32CubeIDE_1.19.0/STM32CubeIDE/plugins/com.st.stm32cube.ide.mcu.externaltools.gnu-tools-for-stm32.13.3.rel1.win32_1.0.0.202411081344/tools/bin/../lib/gcc/arm-none-eabi/13.3.1/thumb/v7-m/nofp\libgcc.a(_fixsfdi.o)
                0x0800117c                __fixsfdi
                0x0800117c                __aeabi_f2lz
 .text          0x080011a4       0x30 D:/Software/STM32CubeIDE_1.19.0/STM32CubeIDE/plugins/com.st.stm32cube.ide.mcu.externaltools.gnu-tools-for-stm32.13.3.rel1.win32_1.0.0.202411081344/tools/bin/../lib/gcc/arm-none-eabi/13.3.1/thumb/v7-m/nofp\libgcc.a(_fixdfdi.o)
                0x080011a4                __fixdfdi
                0x080011a4                __aeabi_d2lz
 .text          0x080011d4       0x40 D:/Software/STM32CubeIDE_1.19.0/STM32CubeIDE/plugins/com.st.stm32cube.ide.mcu.externaltools.gnu-tools-for-stm32.13.3.rel1.win32_1.0.0.202411081344/tools/bin/../lib/gcc/arm-none-eabi/13.3.1/thumb/v7-m/nofp\libgcc.a(_fixunssfdi.o)
                0x080011d4                __fixunssfdi
                0x080011d4                __aeabi_f2ulz
 .text          0x08001214       0x3c D:/Software/STM32CubeIDE_1.19.0/STM32CubeIDE/plugins/com.st.stm32cube.ide.mcu.externaltools.gnu-tools-for-stm32.13.3.rel1.win32_1.0.0.202411081344/tools/bin/../lib/gcc/arm-none-eabi/13.3.1/thumb/v7-m/nofp\libgcc.a(_fixunsdfdi.o)
                0x08001214                __fixunsdfdi
                0x08001214                __aeabi_d2ulz
 *(.text*)
 .text.__NVIC_EnableIRQ
                0x08001250       0x38 ./Core/Src/grbl_AxisArm.o
 .text.__NVIC_SetPriority
                0x08001288       0x54 ./Core/Src/grbl_AxisArm.o
 .text.SysTick_Config
                0x080012dc       0x44 ./Core/Src/grbl_AxisArm.o
 .text.CNC_AxisName
                0x08001320       0x44 ./Core/Src/grbl_AxisArm.o
 .text.CNC_min  0x08001364       0x26 ./Core/Src/grbl_AxisArm.o
                0x08001364                CNC_min
 *fill*         0x0800138a        0x2 
 .text.CNC_ComputeVectorMaxSpeedMMs
                0x0800138c       0xd0 ./Core/Src/grbl_AxisArm.o
 .text.CNC_ComputeVectorMaxAccelMMs2
                0x0800145c       0xc0 ./Core/Src/grbl_AxisArm.o
 .text.CNC_IsPlannerStreamableLine
                0x0800151c      0x17e ./Core/Src/grbl_AxisArm.o
 .text.CNC_HandlePlannerStreamingInput
                0x0800169a       0x82 ./Core/Src/grbl_AxisArm.o
 .text.CNC_ProcessQueuedStreamingCommands
                0x0800171c       0xac ./Core/Src/grbl_AxisArm.o
 .text.CNC_SysTick_Callback
                0x080017c8       0x50 ./Core/Src/grbl_AxisArm.o
                0x080017c8                CNC_SysTick_Callback
 .text.SysTick_Handler
                0x08001818       0x10 ./Core/Src/grbl_AxisArm.o
                0x08001818                SysTick_Handler
 .text.CNC_GetTick
                0x08001828       0x14 ./Core/Src/grbl_AxisArm.o
                0x08001828                CNC_GetTick
 .text.CNC_SystemClock_Config
                0x0800183c       0x98 ./Core/Src/grbl_AxisArm.o
                0x0800183c                CNC_SystemClock_Config
 .text.CNC_LoadDefaultConfig
                0x080018d4      0x164 ./Core/Src/grbl_AxisArm.o
                0x080018d4                CNC_LoadDefaultConfig
 .text.CNC_GPIO_Init
                0x08001a38       0xfc ./Core/Src/grbl_AxisArm.o
 .text.CNC_Step_Pulse
                0x08001b34       0xcc ./Core/Src/grbl_AxisArm.o
                0x08001b34                CNC_Step_Pulse
 .text.CNC_Step_AllLow
                0x08001c00       0x2e ./Core/Src/grbl_AxisArm.o
                0x08001c00                CNC_Step_AllLow
 *fill*         0x08001c2e        0x2 
 .text.CNC_SetDirection
                0x08001c30       0xec ./Core/Src/grbl_AxisArm.o
                0x08001c30                CNC_SetDirection
 .text.CNC_EnableMotors
                0x08001d1c       0x20 ./Core/Src/grbl_AxisArm.o
                0x08001d1c                CNC_EnableMotors
 .text.CNC_Timer_Init
                0x08001d3c       0x78 ./Core/Src/grbl_AxisArm.o
 .text.CNC_Step_CalcDuty
                0x08001db4       0x9c ./Core/Src/grbl_AxisArm.o
 .text.CNC_Timer_SetPeriod
                0x08001e50       0x64 ./Core/Src/grbl_AxisArm.o
 .text.CNC_Timer_Start
                0x08001eb4       0x70 ./Core/Src/grbl_AxisArm.o
 .text.CNC_Timer_Stop
                0x08001f24       0x58 ./Core/Src/grbl_AxisArm.o
 .text.CNC_SafeStepsPerMM
                0x08001f7c       0x5c ./Core/Src/grbl_AxisArm.o
 .text.CNC_Accel_Update
                0x08001fd8      0x498 ./Core/Src/grbl_AxisArm.o
                0x08001fd8                CNC_Accel_Update
 .text.CNC_Accel_TimerTick
                0x08002470       0x84 ./Core/Src/grbl_AxisArm.o
                0x08002470                CNC_Accel_TimerTick
 .text.CNC_Accel_Plan
                0x080024f4       0x64 ./Core/Src/grbl_AxisArm.o
                0x080024f4                CNC_Accel_Plan
 .text.CNC_Accel_PlanWithEntryExit
                0x08002558      0x544 ./Core/Src/grbl_AxisArm.o
                0x08002558                CNC_Accel_PlanWithEntryExit
 .text.TIM2_IRQHandler
                0x08002a9c      0x3c4 ./Core/Src/grbl_AxisArm.o
                0x08002a9c                TIM2_IRQHandler
 .text.CNC_Limit_Init
                0x08002e60       0x60 ./Core/Src/grbl_AxisArm.o
                0x08002e60                CNC_Limit_Init
 .text.CNC_Limit_IsTriggered
                0x08002ec0       0x94 ./Core/Src/grbl_AxisArm.o
                0x08002ec0                CNC_Limit_IsTriggered
 .text.CNC_Limit_CheckAll
                0x08002f54       0xec ./Core/Src/grbl_AxisArm.o
                0x08002f54                CNC_Limit_CheckAll
 .text.CNC_Limit_ClearAlarm
                0x08003040       0x50 ./Core/Src/grbl_AxisArm.o
                0x08003040                CNC_Limit_ClearAlarm
 .text.CNC_Relay_Init
                0x08003090       0x30 ./Core/Src/grbl_AxisArm.o
                0x08003090                CNC_Relay_Init
 .text.CNC_Spindle_On
                0x080030c0       0x24 ./Core/Src/grbl_AxisArm.o
                0x080030c0                CNC_Spindle_On
 .text.CNC_Spindle_Off
                0x080030e4       0x24 ./Core/Src/grbl_AxisArm.o
                0x080030e4                CNC_Spindle_Off
 .text.CNC_Coolant_Mist_On
                0x08003108       0x24 ./Core/Src/grbl_AxisArm.o
                0x08003108                CNC_Coolant_Mist_On
 .text.CNC_Coolant_Mist_Off
                0x0800312c       0x24 ./Core/Src/grbl_AxisArm.o
                0x0800312c                CNC_Coolant_Mist_Off
 .text.CNC_Coolant_Flood_On
                0x08003150       0x24 ./Core/Src/grbl_AxisArm.o
                0x08003150                CNC_Coolant_Flood_On
 .text.CNC_Coolant_Flood_Off
                0x08003174       0x24 ./Core/Src/grbl_AxisArm.o
                0x08003174                CNC_Coolant_Flood_Off
 .text.CNC_Coolant_Off
                0x08003198       0x10 ./Core/Src/grbl_AxisArm.o
                0x08003198                CNC_Coolant_Off
 .text.CNC_Homing_MoveAxis
                0x080031a8      0x1f8 ./Core/Src/grbl_AxisArm.o
 .text.CNC_Homing_GetNextAxis
                0x080033a0       0xc4 ./Core/Src/grbl_AxisArm.o
 .text.CNC_HomeAxis
                0x08003464      0x158 ./Core/Src/grbl_AxisArm.o
                0x08003464                CNC_HomeAxis
 .text.CNC_HomeAll
                0x080035bc      0x140 ./Core/Src/grbl_AxisArm.o
                0x080035bc                CNC_HomeAll
 .text.CNC_Homing_Process
                0x080036fc      0x264 ./Core/Src/grbl_AxisArm.o
                0x080036fc                CNC_Homing_Process
 .text.CNC_UART_DMA_Init
                0x08003960       0x84 ./Core/Src/grbl_AxisArm.o
                0x08003960                CNC_UART_DMA_Init
 .text.CNC_UART_DMA_Available
                0x080039e4       0x70 ./Core/Src/grbl_AxisArm.o
                0x080039e4                CNC_UART_DMA_Available
 .text.CNC_UART_DMA_Read
                0x08003a54       0x54 ./Core/Src/grbl_AxisArm.o
                0x08003a54                CNC_UART_DMA_Read
 .text.CNC_Queue_Init
                0x08003aa8       0x28 ./Core/Src/grbl_AxisArm.o
                0x08003aa8                CNC_Queue_Init
 .text.CNC_Queue_IsFull
                0x08003ad0       0x24 ./Core/Src/grbl_AxisArm.o
                0x08003ad0                CNC_Queue_IsFull
 .text.CNC_Queue_IsEmpty
                0x08003af4       0x24 ./Core/Src/grbl_AxisArm.o
                0x08003af4                CNC_Queue_IsEmpty
 .text.CNC_Queue_Count
                0x08003b18       0x18 ./Core/Src/grbl_AxisArm.o
                0x08003b18                CNC_Queue_Count
 .text.CNC_Queue_Clear
                0x08003b30       0x28 ./Core/Src/grbl_AxisArm.o
                0x08003b30                CNC_Queue_Clear
 .text.CNC_Queue_Push
                0x08003b58       0x94 ./Core/Src/grbl_AxisArm.o
                0x08003b58                CNC_Queue_Push
 .text.CNC_Queue_Pop
                0x08003bec       0x78 ./Core/Src/grbl_AxisArm.o
                0x08003bec                CNC_Queue_Pop
 .text.CNC_Planner_Init
                0x08003c64       0x5c ./Core/Src/grbl_AxisArm.o
                0x08003c64                CNC_Planner_Init
 .text.CNC_Planner_AddBlock
                0x08003cc0      0x43c ./Core/Src/grbl_AxisArm.o
                0x08003cc0                CNC_Planner_AddBlock
 .text.CNC_Planner_Recalculate
                0x080040fc      0x1c8 ./Core/Src/grbl_AxisArm.o
                0x080040fc                CNC_Planner_Recalculate
 .text.CNC_Planner_GetCurrentBlock
                0x080042c4       0x30 ./Core/Src/grbl_AxisArm.o
                0x080042c4                CNC_Planner_GetCurrentBlock
 .text.CNC_Planner_DiscardCurrentBlock
                0x080042f4       0xa0 ./Core/Src/grbl_AxisArm.o
                0x080042f4                CNC_Planner_DiscardCurrentBlock
 .text.CNC_Planner_IsBufferEmpty
                0x08004394       0x24 ./Core/Src/grbl_AxisArm.o
                0x08004394                CNC_Planner_IsBufferEmpty
 .text.CNC_Planner_IsBufferFull
                0x080043b8       0x24 ./Core/Src/grbl_AxisArm.o
                0x080043b8                CNC_Planner_IsBufferFull
 .text.CNC_Planner_BlocksCount
                0x080043dc       0x18 ./Core/Src/grbl_AxisArm.o
                0x080043dc                CNC_Planner_BlocksCount
 .text.CNC_Planner_Clear
                0x080043f4       0x28 ./Core/Src/grbl_AxisArm.o
                0x080043f4                CNC_Planner_Clear
 .text.CNC_Move_Internal
                0x0800441c      0x464 ./Core/Src/grbl_AxisArm.o
 .text.CNC_Move_NoAccel
                0x08004880       0x1e ./Core/Src/grbl_AxisArm.o
                0x08004880                CNC_Move_NoAccel
 *fill*         0x0800489e        0x2 
 .text.CNC_Stop
                0x080048a0       0xcc ./Core/Src/grbl_AxisArm.o
                0x080048a0                CNC_Stop
 .text.CNC_SetPosition
                0x0800496c       0x40 ./Core/Src/grbl_AxisArm.o
                0x0800496c                CNC_SetPosition
 .text.CNC_SetAxisPosition
                0x080049ac       0x2c ./Core/Src/grbl_AxisArm.o
                0x080049ac                CNC_SetAxisPosition
 .text.CNC_GetPosition
                0x080049d8       0x40 ./Core/Src/grbl_AxisArm.o
                0x080049d8                CNC_GetPosition
 .text.GUI_MM2Pulse
                0x08004a18       0x30 ./Core/Src/grbl_AxisArm.o
 .text.GUI_Pulse2MM
                0x08004a48       0x28 ./Core/Src/grbl_AxisArm.o
 .text.GUI_FindValue
                0x08004a70      0x102 ./Core/Src/grbl_AxisArm.o
 *fill*         0x08004b72        0x2 
 .text.GUI_PresetIndex
                0x08004b74       0x48 ./Core/Src/grbl_AxisArm.o
 .text.CNC_GUI_GetStateString
                0x08004bbc       0xe0 ./Core/Src/grbl_AxisArm.o
                0x08004bbc                CNC_GUI_GetStateString
 .text.CNC_GUI_SendStatus
                0x08004c9c      0x104 ./Core/Src/grbl_AxisArm.o
                0x08004c9c                CNC_GUI_SendStatus
 .text.CNC_GUI_Handle_STOP
                0x08004da0       0x24 ./Core/Src/grbl_AxisArm.o
                0x08004da0                CNC_GUI_Handle_STOP
 .text.CNC_GUI_Handle_SET
                0x08004dc4      0x1ac ./Core/Src/grbl_AxisArm.o
                0x08004dc4                CNC_GUI_Handle_SET
 .text.CNC_GUI_Handle_RETURN
                0x08004f70       0xe8 ./Core/Src/grbl_AxisArm.o
                0x08004f70                CNC_GUI_Handle_RETURN
 .text.CNC_GUI_Handle_GOTO
                0x08005058      0x134 ./Core/Src/grbl_AxisArm.o
                0x08005058                CNC_GUI_Handle_GOTO
 .text.CNC_GUI_Init
                0x0800518c       0xc4 ./Core/Src/grbl_AxisArm.o
                0x0800518c                CNC_GUI_Init
 .text.CNC_UART_Init
                0x08005250       0x98 ./Core/Src/grbl_AxisArm.o
 .text.CNC_UART_PutChar
                0x080052e8       0x2c ./Core/Src/grbl_AxisArm.o
                0x080052e8                CNC_UART_PutChar
 .text.CNC_UART_PutString
                0x08005314       0x2a ./Core/Src/grbl_AxisArm.o
                0x08005314                CNC_UART_PutString
 *fill*         0x0800533e        0x2 
 .text.CNC_UART_PutInt
                0x08005340       0xa4 ./Core/Src/grbl_AxisArm.o
                0x08005340                CNC_UART_PutInt
 .text.CNC_UART_PutFloat
                0x080053e4       0xb0 ./Core/Src/grbl_AxisArm.o
                0x080053e4                CNC_UART_PutFloat
 .text.CNC_UART_Available
                0x08005494       0x18 ./Core/Src/grbl_AxisArm.o
                0x08005494                CNC_UART_Available
 .text.CNC_UART_GetChar
                0x080054ac        0xe ./Core/Src/grbl_AxisArm.o
                0x080054ac                CNC_UART_GetChar
 *fill*         0x080054ba        0x2 
 .text.CNC_UART_GetLine
                0x080054bc       0x8c ./Core/Src/grbl_AxisArm.o
                0x080054bc                CNC_UART_GetLine
 .text.CNC_UART_SendOK
                0x08005548       0x14 ./Core/Src/grbl_AxisArm.o
                0x08005548                CNC_UART_SendOK
 .text.CNC_UART_SendError
                0x0800555c       0x30 ./Core/Src/grbl_AxisArm.o
                0x0800555c                CNC_UART_SendError
 .text.CNC_GoWDelay_Start
                0x0800558c      0x2d0 ./Core/Src/grbl_AxisArm.o
                0x0800558c                CNC_GoWDelay_Start
 .text.CNC_GoWDelay_NextStep
                0x0800585c      0x110 ./Core/Src/grbl_AxisArm.o
 .text.CNC_GoWDelay_Process
                0x0800596c       0xc8 ./Core/Src/grbl_AxisArm.o
                0x0800596c                CNC_GoWDelay_Process
 .text.CNC_GoWDelay_Stop
                0x08005a34       0x30 ./Core/Src/grbl_AxisArm.o
                0x08005a34                CNC_GoWDelay_Stop
 .text.CNC_GoWDelayRect_Start
                0x08005a64      0x234 ./Core/Src/grbl_AxisArm.o
                0x08005a64                CNC_GoWDelayRect_Start
 .text.CNC_GoWDelayRect_NextStepX
                0x08005c98      0x168 ./Core/Src/grbl_AxisArm.o
 .text.CNC_GoWDelayRect_NextStepY
                0x08005e00      0x11c ./Core/Src/grbl_AxisArm.o
 .text.CNC_GoWDelayRect_Process
                0x08005f1c      0x2c4 ./Core/Src/grbl_AxisArm.o
                0x08005f1c                CNC_GoWDelayRect_Process
 .text.CNC_GoWDelayRect_Stop
                0x080061e0       0x30 ./Core/Src/grbl_AxisArm.o
                0x080061e0                CNC_GoWDelayRect_Stop
 .text.CNC_Config_ClampFloat
                0x08006210       0x4c ./Core/Src/grbl_AxisArm.o
 .text.CNC_Config_ClampMask4
                0x0800625c       0x32 ./Core/Src/grbl_AxisArm.o
 .text.CNC_Config_ClampBool
                0x0800628e       0x2a ./Core/Src/grbl_AxisArm.o
 .text.CNC_Config_ClampU32
                0x080062b8       0x62 ./Core/Src/grbl_AxisArm.o
 *fill*         0x0800631a        0x2 
 .text.CNC_Config_Set
                0x0800631c      0x62c ./Core/Src/grbl_AxisArm.o
                0x0800631c                CNC_Config_Set
 .text.CNC_Config_SetAutoReport
                0x08006948       0x38 ./Core/Src/grbl_AxisArm.o
                0x08006948                CNC_Config_SetAutoReport
 .text.CNC_Config_Show
                0x08006980      0x2c8 ./Core/Src/grbl_AxisArm.o
                0x08006980                CNC_Config_Show
 .text.find_value
                0x08006c48      0x11e ./Core/Src/grbl_AxisArm.o
 .text.has_command
                0x08006d66       0x46 ./Core/Src/grbl_AxisArm.o
 .text.CNC_Execute
                0x08006dac      0x544 ./Core/Src/grbl_AxisArm.o
                0x08006dac                CNC_Execute
 .text.CNC_SendStatus
                0x080072f0        0xc ./Core/Src/grbl_AxisArm.o
                0x080072f0                CNC_SendStatus
 .text.CNC_ProcessCommand
                0x080072fc      0xb88 ./Core/Src/grbl_AxisArm.o
                0x080072fc                CNC_ProcessCommand
 .text.CNC_Init
                0x08007e84      0x264 ./Core/Src/grbl_AxisArm.o
                0x08007e84                CNC_Init
 .text.CNC_Process
                0x080080e8      0x844 ./Core/Src/grbl_AxisArm.o
                0x080080e8                CNC_Process
 .text.main     0x0800892c       0x1e ./Core/Src/main.o
                0x0800892c                main
 .text.SystemClock_Config
                0x0800894a       0x76 ./Core/Src/main.o
                0x0800894a                SystemClock_Config
 .text.MX_TIM1_Init
                0x080089c0       0xa0 ./Core/Src/main.o
 .text.MX_GPIO_Init
                0x08008a60       0x44 ./Core/Src/main.o
 .text.Error_Handler
                0x08008aa4        0xc ./Core/Src/main.o
                0x08008aa4                Error_Handler
 .text.HAL_MspInit
                0x08008ab0       0x64 ./Core/Src/stm32f1xx_hal_msp.o
                0x08008ab0                HAL_MspInit
 .text.HAL_TIM_Base_MspInit
                0x08008b14       0x3c ./Core/Src/stm32f1xx_hal_msp.o
                0x08008b14                HAL_TIM_Base_MspInit
 .text.NMI_Handler
                0x08008b50        0x8 ./Core/Src/stm32f1xx_it.o
                0x08008b50                NMI_Handler
 .text.HardFault_Handler
                0x08008b58        0x8 ./Core/Src/stm32f1xx_it.o
                0x08008b58                HardFault_Handler
 .text.MemManage_Handler
                0x08008b60        0x8 ./Core/Src/stm32f1xx_it.o
                0x08008b60                MemManage_Handler
 .text.BusFault_Handler
                0x08008b68        0x8 ./Core/Src/stm32f1xx_it.o
                0x08008b68                BusFault_Handler
 .text.UsageFault_Handler
                0x08008b70        0x8 ./Core/Src/stm32f1xx_it.o
                0x08008b70                UsageFault_Handler
 .text.SVC_Handler
                0x08008b78        0xc ./Core/Src/stm32f1xx_it.o
                0x08008b78                SVC_Handler
 .text.DebugMon_Handler
                0x08008b84        0xc ./Core/Src/stm32f1xx_it.o
                0x08008b84                DebugMon_Handler
 .text.PendSV_Handler
                0x08008b90        0xc ./Core/Src/stm32f1xx_it.o
                0x08008b90                PendSV_Handler
 .text._getpid  0x08008b9c        0xe ./Core/Src/syscalls.o
                0x08008b9c                _getpid
 .text._kill    0x08008baa       0x20 ./Core/Src/syscalls.o
                0x08008baa                _kill
 .text._exit    0x08008bca       0x16 ./Core/Src/syscalls.o
                0x08008bca                _exit
 .text._read    0x08008be0       0x3a ./Core/Src/syscalls.o
                0x08008be0                _read
 .text._write   0x08008c1a       0x38 ./Core/Src/syscalls.o
                0x08008c1a                _write
 .text._close   0x08008c52       0x16 ./Core/Src/syscalls.o
                0x08008c52                _close
 .text._fstat   0x08008c68       0x1e ./Core/Src/syscalls.o
                0x08008c68                _fstat
 .text._isatty  0x08008c86       0x14 ./Core/Src/syscalls.o
                0x08008c86                _isatty
 .text._lseek   0x08008c9a       0x18 ./Core/Src/syscalls.o
                0x08008c9a                _lseek
 *fill*         0x08008cb2        0x2 
 .text._sbrk    0x08008cb4       0x6c ./Core/Src/sysmem.o
                0x08008cb4                _sbrk
 .text.SystemInit
                0x08008d20        0xc ./Core/Src/system_stm32f1xx.o
                0x08008d20                SystemInit
 .text.Reset_Handler
                0x08008d2c       0x48 ./Core/Startup/startup_stm32f103c8tx.o
                0x08008d2c                Reset_Handler
 .text.Default_Handler
                0x08008d74        0x2 ./Core/Startup/startup_stm32f103c8tx.o
                0x08008d74                RTC_Alarm_IRQHandler
                0x08008d74                EXTI2_IRQHandler
                0x08008d74                TIM1_CC_IRQHandler
                0x08008d74                PVD_IRQHandler
                0x08008d74                EXTI3_IRQHandler
                0x08008d74                EXTI0_IRQHandler
                0x08008d74                I2C2_EV_IRQHandler
                0x08008d74                ADC1_2_IRQHandler
                0x08008d74                SPI1_IRQHandler
                0x08008d74                TAMPER_IRQHandler
                0x08008d74                DMA1_Channel4_IRQHandler
                0x08008d74                USART3_IRQHandler
                0x08008d74                RTC_IRQHandler
                0x08008d74                DMA1_Channel7_IRQHandler
                0x08008d74                CAN1_RX1_IRQHandler
                0x08008d74                TIM4_IRQHandler
                0x08008d74                I2C1_EV_IRQHandler
                0x08008d74                DMA1_Channel6_IRQHandler
                0x08008d74                TIM3_IRQHandler
                0x08008d74                RCC_IRQHandler
                0x08008d74                TIM1_TRG_COM_IRQHandler
                0x08008d74                DMA1_Channel1_IRQHandler
                0x08008d74                Default_Handler
                0x08008d74                EXTI15_10_IRQHandler
                0x08008d74                EXTI9_5_IRQHandler
                0x08008d74                SPI2_IRQHandler
                0x08008d74                DMA1_Channel5_IRQHandler
                0x08008d74                EXTI4_IRQHandler
                0x08008d74                USB_LP_CAN1_RX0_IRQHandler
                0x08008d74                USB_HP_CAN1_TX_IRQHandler
                0x08008d74                DMA1_Channel3_IRQHandler
                0x08008d74                TIM1_UP_IRQHandler
                0x08008d74                WWDG_IRQHandler
                0x08008d74                TIM1_BRK_IRQHandler
                0x08008d74                EXTI1_IRQHandler
                0x08008d74                USART2_IRQHandler
                0x08008d74                I2C2_ER_IRQHandler
                0x08008d74                DMA1_Channel2_IRQHandler
                0x08008d74                CAN1_SCE_IRQHandler
                0x08008d74                FLASH_IRQHandler
                0x08008d74                USART1_IRQHandler
                0x08008d74                I2C1_ER_IRQHandler
                0x08008d74                USBWakeUp_IRQHandler
 *fill*         0x08008d76        0x2 
 .text.HAL_Init
                0x08008d78       0x2c ./Drivers/STM32F1xx_HAL_Driver/Src/stm32f1xx_hal.o
                0x08008d78                HAL_Init
 .text.HAL_InitTick
                0x08008da4       0x60 ./Drivers/STM32F1xx_HAL_Driver/Src/stm32f1xx_hal.o
                0x08008da4                HAL_InitTick
 .text.HAL_IncTick
                0x08008e04       0x24 ./Drivers/STM32F1xx_HAL_Driver/Src/stm32f1xx_hal.o
                0x08008e04                HAL_IncTick
 .text.HAL_GetTick
                0x08008e28       0x14 ./Drivers/STM32F1xx_HAL_Driver/Src/stm32f1xx_hal.o
                0x08008e28                HAL_GetTick
 .text.__NVIC_SetPriorityGrouping
                0x08008e3c       0x48 ./Drivers/STM32F1xx_HAL_Driver/Src/stm32f1xx_hal_cortex.o
 .text.__NVIC_GetPriorityGrouping
                0x08008e84       0x1c ./Drivers/STM32F1xx_HAL_Driver/Src/stm32f1xx_hal_cortex.o
 .text.__NVIC_SetPriority
                0x08008ea0       0x54 ./Drivers/STM32F1xx_HAL_Driver/Src/stm32f1xx_hal_cortex.o
 .text.NVIC_EncodePriority
                0x08008ef4       0x64 ./Drivers/STM32F1xx_HAL_Driver/Src/stm32f1xx_hal_cortex.o
 .text.SysTick_Config
                0x08008f58       0x44 ./Drivers/STM32F1xx_HAL_Driver/Src/stm32f1xx_hal_cortex.o
 .text.HAL_NVIC_SetPriorityGrouping
                0x08008f9c       0x16 ./Drivers/STM32F1xx_HAL_Driver/Src/stm32f1xx_hal_cortex.o
                0x08008f9c                HAL_NVIC_SetPriorityGrouping
 .text.HAL_NVIC_SetPriority
                0x08008fb2       0x38 ./Drivers/STM32F1xx_HAL_Driver/Src/stm32f1xx_hal_cortex.o
                0x08008fb2                HAL_NVIC_SetPriority
 .text.HAL_SYSTICK_Config
                0x08008fea       0x18 ./Drivers/STM32F1xx_HAL_Driver/Src/stm32f1xx_hal_cortex.o
                0x08008fea                HAL_SYSTICK_Config
 *fill*         0x08009002        0x2 
 .text.HAL_RCC_OscConfig
                0x08009004      0x504 ./Drivers/STM32F1xx_HAL_Driver/Src/stm32f1xx_hal_rcc.o
                0x08009004                HAL_RCC_OscConfig
 .text.HAL_RCC_ClockConfig
                0x08009508      0x1d4 ./Drivers/STM32F1xx_HAL_Driver/Src/stm32f1xx_hal_rcc.o
                0x08009508                HAL_RCC_ClockConfig
 .text.HAL_RCC_GetSysClockFreq
                0x080096dc       0xa8 ./Drivers/STM32F1xx_HAL_Driver/Src/stm32f1xx_hal_rcc.o
                0x080096dc                HAL_RCC_GetSysClockFreq
 .text.RCC_Delay
                0x08009784       0x3c ./Drivers/STM32F1xx_HAL_Driver/Src/stm32f1xx_hal_rcc.o
 .text.HAL_TIM_Base_Init
                0x080097c0       0x9e ./Drivers/STM32F1xx_HAL_Driver/Src/stm32f1xx_hal_tim.o
                0x080097c0                HAL_TIM_Base_Init
 .text.HAL_TIM_ConfigClockSource
                0x0800985e      0x18e ./Drivers/STM32F1xx_HAL_Driver/Src/stm32f1xx_hal_tim.o
                0x0800985e                HAL_TIM_ConfigClockSource
 .text.TIM_Base_SetConfig
                0x080099ec       0xdc ./Drivers/STM32F1xx_HAL_Driver/Src/stm32f1xx_hal_tim.o
                0x080099ec                TIM_Base_SetConfig
 .text.TIM_TI1_ConfigInputStage
                0x08009ac8       0x5c ./Drivers/STM32F1xx_HAL_Driver/Src/stm32f1xx_hal_tim.o
 .text.TIM_TI2_ConfigInputStage
                0x08009b24       0x5e ./Drivers/STM32F1xx_HAL_Driver/Src/stm32f1xx_hal_tim.o
 .text.TIM_ITRx_SetConfig
                0x08009b82       0x34 ./Drivers/STM32F1xx_HAL_Driver/Src/stm32f1xx_hal_tim.o
 .text.TIM_ETR_SetConfig
                0x08009bb6       0x3e ./Drivers/STM32F1xx_HAL_Driver/Src/stm32f1xx_hal_tim.o
                0x08009bb6                TIM_ETR_SetConfig
 .text.HAL_TIMEx_MasterConfigSynchronization
                0x08009bf4       0xbc ./Drivers/STM32F1xx_HAL_Driver/Src/stm32f1xx_hal_tim_ex.o
                0x08009bf4                HAL_TIMEx_MasterConfigSynchronization
 .text.atof     0x08009cb0        0x6 D:/Software/STM32CubeIDE_1.19.0/STM32CubeIDE/plugins/com.st.stm32cube.ide.mcu.externaltools.gnu-tools-for-stm32.13.3.rel1.win32_1.0.0.202411081344/tools/bin/../lib/gcc/arm-none-eabi/13.3.1/../../../../arm-none-eabi/lib/thumb/v7-m/nofp\libc_nano.a(libc_a-atof.o)
                0x08009cb0                atof
 .text.atoi     0x08009cb6        0x8 D:/Software/STM32CubeIDE_1.19.0/STM32CubeIDE/plugins/com.st.stm32cube.ide.mcu.externaltools.gnu-tools-for-stm32.13.3.rel1.win32_1.0.0.202411081344/tools/bin/../lib/gcc/arm-none-eabi/13.3.1/../../../../arm-none-eabi/lib/thumb/v7-m/nofp\libc_nano.a(libc_a-atoi.o)
                0x08009cb6                atoi
 .text.sulp     0x08009cbe       0x42 D:/Software/STM32CubeIDE_1.19.0/STM32CubeIDE/plugins/com.st.stm32cube.ide.mcu.externaltools.gnu-tools-for-stm32.13.3.rel1.win32_1.0.0.202411081344/tools/bin/../lib/gcc/arm-none-eabi/13.3.1/../../../../arm-none-eabi/lib/thumb/v7-m/nofp\libc_nano.a(libc_a-strtod.o)
 .text._strtod_l
                0x08009d00      0xbb0 D:/Software/STM32CubeIDE_1.19.0/STM32CubeIDE/plugins/com.st.stm32cube.ide.mcu.externaltools.gnu-tools-for-stm32.13.3.rel1.win32_1.0.0.202411081344/tools/bin/../lib/gcc/arm-none-eabi/13.3.1/../../../../arm-none-eabi/lib/thumb/v7-m/nofp\libc_nano.a(libc_a-strtod.o)
                0x08009d00                _strtod_l
 .text.strtod   0x0800a8b0       0x18 D:/Software/STM32CubeIDE_1.19.0/STM32CubeIDE/plugins/com.st.stm32cube.ide.mcu.externaltools.gnu-tools-for-stm32.13.3.rel1.win32_1.0.0.202411081344/tools/bin/../lib/gcc/arm-none-eabi/13.3.1/../../../../arm-none-eabi/lib/thumb/v7-m/nofp\libc_nano.a(libc_a-strtod.o)
                0x0800a8b0                strtod
 .text.strtof   0x0800a8c8       0xb0 D:/Software/STM32CubeIDE_1.19.0/STM32CubeIDE/plugins/com.st.stm32cube.ide.mcu.externaltools.gnu-tools-for-stm32.13.3.rel1.win32_1.0.0.202411081344/tools/bin/../lib/gcc/arm-none-eabi/13.3.1/../../../../arm-none-eabi/lib/thumb/v7-m/nofp\libc_nano.a(libc_a-strtod.o)
                0x0800a8c8                strtof
 .text._strtol_l.isra.0
                0x0800a978       0xf4 D:/Software/STM32CubeIDE_1.19.0/STM32CubeIDE/plugins/com.st.stm32cube.ide.mcu.externaltools.gnu-tools-for-stm32.13.3.rel1.win32_1.0.0.202411081344/tools/bin/../lib/gcc/arm-none-eabi/13.3.1/../../../../arm-none-eabi/lib/thumb/v7-m/nofp\libc_nano.a(libc_a-strtol.o)
 .text.strtol   0x0800aa6c       0x14 D:/Software/STM32CubeIDE_1.19.0/STM32CubeIDE/plugins/com.st.stm32cube.ide.mcu.externaltools.gnu-tools-for-stm32.13.3.rel1.win32_1.0.0.202411081344/tools/bin/../lib/gcc/arm-none-eabi/13.3.1/../../../../arm-none-eabi/lib/thumb/v7-m/nofp\libc_nano.a(libc_a-strtol.o)
                0x0800aa6c                strtol
 .text.std      0x0800aa80       0x6c D:/Software/STM32CubeIDE_1.19.0/STM32CubeIDE/plugins/com.st.stm32cube.ide.mcu.externaltools.gnu-tools-for-stm32.13.3.rel1.win32_1.0.0.202411081344/tools/bin/../lib/gcc/arm-none-eabi/13.3.1/../../../../arm-none-eabi/lib/thumb/v7-m/nofp\libc_nano.a(libc_a-findfp.o)
 .text.stdio_exit_handler
                0x0800aaec       0x18 D:/Software/STM32CubeIDE_1.19.0/STM32CubeIDE/plugins/com.st.stm32cube.ide.mcu.externaltools.gnu-tools-for-stm32.13.3.rel1.win32_1.0.0.202411081344/tools/bin/../lib/gcc/arm-none-eabi/13.3.1/../../../../arm-none-eabi/lib/thumb/v7-m/nofp\libc_nano.a(libc_a-findfp.o)
 .text.cleanup_stdio
                0x0800ab04       0x40 D:/Software/STM32CubeIDE_1.19.0/STM32CubeIDE/plugins/com.st.stm32cube.ide.mcu.externaltools.gnu-tools-for-stm32.13.3.rel1.win32_1.0.0.202411081344/tools/bin/../lib/gcc/arm-none-eabi/13.3.1/../../../../arm-none-eabi/lib/thumb/v7-m/nofp\libc_nano.a(libc_a-findfp.o)
 .text.global_stdio_init.part.0
                0x0800ab44       0x3c D:/Software/STM32CubeIDE_1.19.0/STM32CubeIDE/plugins/com.st.stm32cube.ide.mcu.externaltools.gnu-tools-for-stm32.13.3.rel1.win32_1.0.0.202411081344/tools/bin/../lib/gcc/arm-none-eabi/13.3.1/../../../../arm-none-eabi/lib/thumb/v7-m/nofp\libc_nano.a(libc_a-findfp.o)
 .text.__sfp_lock_acquire
                0x0800ab80        0xc D:/Software/STM32CubeIDE_1.19.0/STM32CubeIDE/plugins/com.st.stm32cube.ide.mcu.externaltools.gnu-tools-for-stm32.13.3.rel1.win32_1.0.0.202411081344/tools/bin/../lib/gcc/arm-none-eabi/13.3.1/../../../../arm-none-eabi/lib/thumb/v7-m/nofp\libc_nano.a(libc_a-findfp.o)
                0x0800ab80                __sfp_lock_acquire
 .text.__sfp_lock_release
                0x0800ab8c        0xc D:/Software/STM32CubeIDE_1.19.0/STM32CubeIDE/plugins/com.st.stm32cube.ide.mcu.externaltools.gnu-tools-for-stm32.13.3.rel1.win32_1.0.0.202411081344/tools/bin/../lib/gcc/arm-none-eabi/13.3.1/../../../../arm-none-eabi/lib/thumb/v7-m/nofp\libc_nano.a(libc_a-findfp.o)
                0x0800ab8c                __sfp_lock_release
 .text.__sinit  0x0800ab98       0x30 D:/Software/STM32CubeIDE_1.19.0/STM32CubeIDE/plugins/com.st.stm32cube.ide.mcu.externaltools.gnu-tools-for-stm32.13.3.rel1.win32_1.0.0.202411081344/tools/bin/../lib/gcc/arm-none-eabi/13.3.1/../../../../arm-none-eabi/lib/thumb/v7-m/nofp\libc_nano.a(libc_a-findfp.o)
                0x0800ab98                __sinit
 .text._fwalk_sglue
                0x0800abc8       0x3c D:/Software/STM32CubeIDE_1.19.0/STM32CubeIDE/plugins/com.st.stm32cube.ide.mcu.externaltools.gnu-tools-for-stm32.13.3.rel1.win32_1.0.0.202411081344/tools/bin/../lib/gcc/arm-none-eabi/13.3.1/../../../../arm-none-eabi/lib/thumb/v7-m/nofp\libc_nano.a(libc_a-fwalk.o)
                0x0800abc8                _fwalk_sglue
 .text.__sread  0x0800ac04       0x22 D:/Software/STM32CubeIDE_1.19.0/STM32CubeIDE/plugins/com.st.stm32cube.ide.mcu.externaltools.gnu-tools-for-stm32.13.3.rel1.win32_1.0.0.202411081344/tools/bin/../lib/gcc/arm-none-eabi/13.3.1/../../../../arm-none-eabi/lib/thumb/v7-m/nofp\libc_nano.a(libc_a-stdio.o)
                0x0800ac04                __sread
 .text.__swrite
                0x0800ac26       0x38 D:/Software/STM32CubeIDE_1.19.0/STM32CubeIDE/plugins/com.st.stm32cube.ide.mcu.externaltools.gnu-tools-for-stm32.13.3.rel1.win32_1.0.0.202411081344/tools/bin/../lib/gcc/arm-none-eabi/13.3.1/../../../../arm-none-eabi/lib/thumb/v7-m/nofp\libc_nano.a(libc_a-stdio.o)
                0x0800ac26                __swrite
 .text.__sseek  0x0800ac5e       0x24 D:/Software/STM32CubeIDE_1.19.0/STM32CubeIDE/plugins/com.st.stm32cube.ide.mcu.externaltools.gnu-tools-for-stm32.13.3.rel1.win32_1.0.0.202411081344/tools/bin/../lib/gcc/arm-none-eabi/13.3.1/../../../../arm-none-eabi/lib/thumb/v7-m/nofp\libc_nano.a(libc_a-stdio.o)
                0x0800ac5e                __sseek
 .text.__sclose
                0x0800ac82        0x8 D:/Software/STM32CubeIDE_1.19.0/STM32CubeIDE/plugins/com.st.stm32cube.ide.mcu.externaltools.gnu-tools-for-stm32.13.3.rel1.win32_1.0.0.202411081344/tools/bin/../lib/gcc/arm-none-eabi/13.3.1/../../../../arm-none-eabi/lib/thumb/v7-m/nofp\libc_nano.a(libc_a-stdio.o)
                0x0800ac82                __sclose
 .text.memset   0x0800ac8a       0x10 D:/Software/STM32CubeIDE_1.19.0/STM32CubeIDE/plugins/com.st.stm32cube.ide.mcu.externaltools.gnu-tools-for-stm32.13.3.rel1.win32_1.0.0.202411081344/tools/bin/../lib/gcc/arm-none-eabi/13.3.1/../../../../arm-none-eabi/lib/thumb/v7-m/nofp\libc_nano.a(libc_a-memset.o)
                0x0800ac8a                memset
 .text.strchr   0x0800ac9a       0x1a D:/Software/STM32CubeIDE_1.19.0/STM32CubeIDE/plugins/com.st.stm32cube.ide.mcu.externaltools.gnu-tools-for-stm32.13.3.rel1.win32_1.0.0.202411081344/tools/bin/../lib/gcc/arm-none-eabi/13.3.1/../../../../arm-none-eabi/lib/thumb/v7-m/nofp\libc_nano.a(libc_a-strchr.o)
                0x0800ac9a                strchr
 .text.strncmp  0x0800acb4       0x24 D:/Software/STM32CubeIDE_1.19.0/STM32CubeIDE/plugins/com.st.stm32cube.ide.mcu.externaltools.gnu-tools-for-stm32.13.3.rel1.win32_1.0.0.202411081344/tools/bin/../lib/gcc/arm-none-eabi/13.3.1/../../../../arm-none-eabi/lib/thumb/v7-m/nofp\libc_nano.a(libc_a-strncmp.o)
                0x0800acb4                strncmp
 .text.strncpy  0x0800acd8       0x26 D:/Software/STM32CubeIDE_1.19.0/STM32CubeIDE/plugins/com.st.stm32cube.ide.mcu.externaltools.gnu-tools-for-stm32.13.3.rel1.win32_1.0.0.202411081344/tools/bin/../lib/gcc/arm-none-eabi/13.3.1/../../../../arm-none-eabi/lib/thumb/v7-m/nofp\libc_nano.a(libc_a-strncpy.o)
                0x0800acd8                strncpy
 *fill*         0x0800acfe        0x2 
 .text._close_r
                0x0800ad00       0x20 D:/Software/STM32CubeIDE_1.19.0/STM32CubeIDE/plugins/com.st.stm32cube.ide.mcu.externaltools.gnu-tools-for-stm32.13.3.rel1.win32_1.0.0.202411081344/tools/bin/../lib/gcc/arm-none-eabi/13.3.1/../../../../arm-none-eabi/lib/thumb/v7-m/nofp\libc_nano.a(libc_a-closer.o)
                0x0800ad00                _close_r
 .text._lseek_r
                0x0800ad20       0x24 D:/Software/STM32CubeIDE_1.19.0/STM32CubeIDE/plugins/com.st.stm32cube.ide.mcu.externaltools.gnu-tools-for-stm32.13.3.rel1.win32_1.0.0.202411081344/tools/bin/../lib/gcc/arm-none-eabi/13.3.1/../../../../arm-none-eabi/lib/thumb/v7-m/nofp\libc_nano.a(libc_a-lseekr.o)
                0x0800ad20                _lseek_r
 .text._read_r  0x0800ad44       0x24 D:/Software/STM32CubeIDE_1.19.0/STM32CubeIDE/plugins/com.st.stm32cube.ide.mcu.externaltools.gnu-tools-for-stm32.13.3.rel1.win32_1.0.0.202411081344/tools/bin/../lib/gcc/arm-none-eabi/13.3.1/../../../../arm-none-eabi/lib/thumb/v7-m/nofp\libc_nano.a(libc_a-readr.o)
                0x0800ad44                _read_r
 .text._write_r
                0x0800ad68       0x24 D:/Software/STM32CubeIDE_1.19.0/STM32CubeIDE/plugins/com.st.stm32cube.ide.mcu.externaltools.gnu-tools-for-stm32.13.3.rel1.win32_1.0.0.202411081344/tools/bin/../lib/gcc/arm-none-eabi/13.3.1/../../../../arm-none-eabi/lib/thumb/v7-m/nofp\libc_nano.a(libc_a-writer.o)
                0x0800ad68                _write_r
 .text.__errno  0x0800ad8c        0xc D:/Software/STM32CubeIDE_1.19.0/STM32CubeIDE/plugins/com.st.stm32cube.ide.mcu.externaltools.gnu-tools-for-stm32.13.3.rel1.win32_1.0.0.202411081344/tools/bin/../lib/gcc/arm-none-eabi/13.3.1/../../../../arm-none-eabi/lib/thumb/v7-m/nofp\libc_nano.a(libc_a-errno.o)
                0x0800ad8c                __errno
 .text.__libc_init_array
                0x0800ad98       0x48 D:/Software/STM32CubeIDE_1.19.0/STM32CubeIDE/plugins/com.st.stm32cube.ide.mcu.externaltools.gnu-tools-for-stm32.13.3.rel1.win32_1.0.0.202411081344/tools/bin/../lib/gcc/arm-none-eabi/13.3.1/../../../../arm-none-eabi/lib/thumb/v7-m/nofp\libc_nano.a(libc_a-init.o)
                0x0800ad98                __libc_init_array
 .text.__retarget_lock_init_recursive
                0x0800ade0        0x2 D:/Software/STM32CubeIDE_1.19.0/STM32CubeIDE/plugins/com.st.stm32cube.ide.mcu.externaltools.gnu-tools-for-stm32.13.3.rel1.win32_1.0.0.202411081344/tools/bin/../lib/gcc/arm-none-eabi/13.3.1/../../../../arm-none-eabi/lib/thumb/v7-m/nofp\libc_nano.a(libc_a-lock.o)
                0x0800ade0                __retarget_lock_init_recursive
 .text.__retarget_lock_acquire_recursive
                0x0800ade2        0x2 D:/Software/STM32CubeIDE_1.19.0/STM32CubeIDE/plugins/com.st.stm32cube.ide.mcu.externaltools.gnu-tools-for-stm32.13.3.rel1.win32_1.0.0.202411081344/tools/bin/../lib/gcc/arm-none-eabi/13.3.1/../../../../arm-none-eabi/lib/thumb/v7-m/nofp\libc_nano.a(libc_a-lock.o)
                0x0800ade2                __retarget_lock_acquire_recursive
 .text.__retarget_lock_release_recursive
                0x0800ade4        0x2 D:/Software/STM32CubeIDE_1.19.0/STM32CubeIDE/plugins/com.st.stm32cube.ide.mcu.externaltools.gnu-tools-for-stm32.13.3.rel1.win32_1.0.0.202411081344/tools/bin/../lib/gcc/arm-none-eabi/13.3.1/../../../../arm-none-eabi/lib/thumb/v7-m/nofp\libc_nano.a(libc_a-lock.o)
                0x0800ade4                __retarget_lock_release_recursive
 .text.memcpy   0x0800ade6       0x1c D:/Software/STM32CubeIDE_1.19.0/STM32CubeIDE/plugins/com.st.stm32cube.ide.mcu.externaltools.gnu-tools-for-stm32.13.3.rel1.win32_1.0.0.202411081344/tools/bin/../lib/gcc/arm-none-eabi/13.3.1/../../../../arm-none-eabi/lib/thumb/v7-m/nofp\libc_nano.a(libc_a-memcpy-stub.o)
                0x0800ade6                memcpy
 *fill*         0x0800ae02        0x2 
 .text.nan      0x0800ae04        0xc D:/Software/STM32CubeIDE_1.19.0/STM32CubeIDE/plugins/com.st.stm32cube.ide.mcu.externaltools.gnu-tools-for-stm32.13.3.rel1.win32_1.0.0.202411081344/tools/bin/../lib/gcc/arm-none-eabi/13.3.1/../../../../arm-none-eabi/lib/thumb/v7-m/nofp\libc_nano.a(libm_a-s_nan.o)
                0x0800ae04                nan
 .text.nanf     0x0800ae10        0x8 D:/Software/STM32CubeIDE_1.19.0/STM32CubeIDE/plugins/com.st.stm32cube.ide.mcu.externaltools.gnu-tools-for-stm32.13.3.rel1.win32_1.0.0.202411081344/tools/bin/../lib/gcc/arm-none-eabi/13.3.1/../../../../arm-none-eabi/lib/thumb/v7-m/nofp\libc_nano.a(libm_a-sf_nan.o)
                0x0800ae10                nanf
 .text._free_r  0x0800ae18       0x90 D:/Software/STM32CubeIDE_1.19.0/STM32CubeIDE/plugins/com.st.stm32cube.ide.mcu.externaltools.gnu-tools-for-stm32.13.3.rel1.win32_1.0.0.202411081344/tools/bin/../lib/gcc/arm-none-eabi/13.3.1/../../../../arm-none-eabi/lib/thumb/v7-m/nofp\libc_nano.a(libc_a-freer.o)
                0x0800ae18                _free_r
 .text.rshift   0x0800aea8       0xa6 D:/Software/STM32CubeIDE_1.19.0/STM32CubeIDE/plugins/com.st.stm32cube.ide.mcu.externaltools.gnu-tools-for-stm32.13.3.rel1.win32_1.0.0.202411081344/tools/bin/../lib/gcc/arm-none-eabi/13.3.1/../../../../arm-none-eabi/lib/thumb/v7-m/nofp\libc_nano.a(libc_a-gdtoa-gethex.o)
 .text.__hexdig_fun
                0x0800af4e       0x2a D:/Software/STM32CubeIDE_1.19.0/STM32CubeIDE/plugins/com.st.stm32cube.ide.mcu.externaltools.gnu-tools-for-stm32.13.3.rel1.win32_1.0.0.202411081344/tools/bin/../lib/gcc/arm-none-eabi/13.3.1/../../../../arm-none-eabi/lib/thumb/v7-m/nofp\libc_nano.a(libc_a-gdtoa-gethex.o)
                0x0800af4e                __hexdig_fun
 .text.__gethex
                0x0800af78      0x420 D:/Software/STM32CubeIDE_1.19.0/STM32CubeIDE/plugins/com.st.stm32cube.ide.mcu.externaltools.gnu-tools-for-stm32.13.3.rel1.win32_1.0.0.202411081344/tools/bin/../lib/gcc/arm-none-eabi/13.3.1/../../../../arm-none-eabi/lib/thumb/v7-m/nofp\libc_nano.a(libc_a-gdtoa-gethex.o)
                0x0800af78                __gethex
 .text.L_shift  0x0800b398       0x24 D:/Software/STM32CubeIDE_1.19.0/STM32CubeIDE/plugins/com.st.stm32cube.ide.mcu.externaltools.gnu-tools-for-stm32.13.3.rel1.win32_1.0.0.202411081344/tools/bin/../lib/gcc/arm-none-eabi/13.3.1/../../../../arm-none-eabi/lib/thumb/v7-m/nofp\libc_nano.a(libc_a-gdtoa-hexnan.o)
 .text.__match  0x0800b3bc       0x28 D:/Software/STM32CubeIDE_1.19.0/STM32CubeIDE/plugins/com.st.stm32cube.ide.mcu.externaltools.gnu-tools-for-stm32.13.3.rel1.win32_1.0.0.202411081344/tools/bin/../lib/gcc/arm-none-eabi/13.3.1/../../../../arm-none-eabi/lib/thumb/v7-m/nofp\libc_nano.a(libc_a-gdtoa-hexnan.o)
                0x0800b3bc                __match
 .text.__hexnan
                0x0800b3e4      0x136 D:/Software/STM32CubeIDE_1.19.0/STM32CubeIDE/plugins/com.st.stm32cube.ide.mcu.externaltools.gnu-tools-for-stm32.13.3.rel1.win32_1.0.0.202411081344/tools/bin/../lib/gcc/arm-none-eabi/13.3.1/../../../../arm-none-eabi/lib/thumb/v7-m/nofp\libc_nano.a(libc_a-gdtoa-hexnan.o)
                0x0800b3e4                __hexnan
 *fill*         0x0800b51a        0x2 
 .text.sbrk_aligned
                0x0800b51c       0x44 D:/Software/STM32CubeIDE_1.19.0/STM32CubeIDE/plugins/com.st.stm32cube.ide.mcu.externaltools.gnu-tools-for-stm32.13.3.rel1.win32_1.0.0.202411081344/tools/bin/../lib/gcc/arm-none-eabi/13.3.1/../../../../arm-none-eabi/lib/thumb/v7-m/nofp\libc_nano.a(libc_a-mallocr.o)
 .text._malloc_r
                0x0800b560      0x100 D:/Software/STM32CubeIDE_1.19.0/STM32CubeIDE/plugins/com.st.stm32cube.ide.mcu.externaltools.gnu-tools-for-stm32.13.3.rel1.win32_1.0.0.202411081344/tools/bin/../lib/gcc/arm-none-eabi/13.3.1/../../../../arm-none-eabi/lib/thumb/v7-m/nofp\libc_nano.a(libc_a-mallocr.o)
                0x0800b560                _malloc_r
 .text.__ascii_mbtowc
                0x0800b660       0x24 D:/Software/STM32CubeIDE_1.19.0/STM32CubeIDE/plugins/com.st.stm32cube.ide.mcu.externaltools.gnu-tools-for-stm32.13.3.rel1.win32_1.0.0.202411081344/tools/bin/../lib/gcc/arm-none-eabi/13.3.1/../../../../arm-none-eabi/lib/thumb/v7-m/nofp\libc_nano.a(libc_a-mbtowc_r.o)
                0x0800b660                __ascii_mbtowc
 .text.__malloc_lock
                0x0800b684        0xc D:/Software/STM32CubeIDE_1.19.0/STM32CubeIDE/plugins/com.st.stm32cube.ide.mcu.externaltools.gnu-tools-for-stm32.13.3.rel1.win32_1.0.0.202411081344/tools/bin/../lib/gcc/arm-none-eabi/13.3.1/../../../../arm-none-eabi/lib/thumb/v7-m/nofp\libc_nano.a(libc_a-mlock.o)
                0x0800b684                __malloc_lock
 .text.__malloc_unlock
                0x0800b690        0xc D:/Software/STM32CubeIDE_1.19.0/STM32CubeIDE/plugins/com.st.stm32cube.ide.mcu.externaltools.gnu-tools-for-stm32.13.3.rel1.win32_1.0.0.202411081344/tools/bin/../lib/gcc/arm-none-eabi/13.3.1/../../../../arm-none-eabi/lib/thumb/v7-m/nofp\libc_nano.a(libc_a-mlock.o)
                0x0800b690                __malloc_unlock
 .text._Balloc  0x0800b69c       0x80 D:/Software/STM32CubeIDE_1.19.0/STM32CubeIDE/plugins/com.st.stm32cube.ide.mcu.externaltools.gnu-tools-for-stm32.13.3.rel1.win32_1.0.0.202411081344/tools/bin/../lib/gcc/arm-none-eabi/13.3.1/../../../../arm-none-eabi/lib/thumb/v7-m/nofp\libc_nano.a(libc_a-mprec.o)
                0x0800b69c                _Balloc
 .text._Bfree   0x0800b71c       0x44 D:/Software/STM32CubeIDE_1.19.0/STM32CubeIDE/plugins/com.st.stm32cube.ide.mcu.externaltools.gnu-tools-for-stm32.13.3.rel1.win32_1.0.0.202411081344/tools/bin/../lib/gcc/arm-none-eabi/13.3.1/../../../../arm-none-eabi/lib/thumb/v7-m/nofp\libc_nano.a(libc_a-mprec.o)
                0x0800b71c                _Bfree
 .text.__multadd
                0x0800b760       0x8c D:/Software/STM32CubeIDE_1.19.0/STM32CubeIDE/plugins/com.st.stm32cube.ide.mcu.externaltools.gnu-tools-for-stm32.13.3.rel1.win32_1.0.0.202411081344/tools/bin/../lib/gcc/arm-none-eabi/13.3.1/../../../../arm-none-eabi/lib/thumb/v7-m/nofp\libc_nano.a(libc_a-mprec.o)
                0x0800b760                __multadd
 .text.__s2b    0x0800b7ec       0x94 D:/Software/STM32CubeIDE_1.19.0/STM32CubeIDE/plugins/com.st.stm32cube.ide.mcu.externaltools.gnu-tools-for-stm32.13.3.rel1.win32_1.0.0.202411081344/tools/bin/../lib/gcc/arm-none-eabi/13.3.1/../../../../arm-none-eabi/lib/thumb/v7-m/nofp\libc_nano.a(libc_a-mprec.o)
                0x0800b7ec                __s2b
 .text.__hi0bits
                0x0800b880       0x3e D:/Software/STM32CubeIDE_1.19.0/STM32CubeIDE/plugins/com.st.stm32cube.ide.mcu.externaltools.gnu-tools-for-stm32.13.3.rel1.win32_1.0.0.202411081344/tools/bin/../lib/gcc/arm-none-eabi/13.3.1/../../../../arm-none-eabi/lib/thumb/v7-m/nofp\libc_nano.a(libc_a-mprec.o)
                0x0800b880                __hi0bits
 .text.__lo0bits
                0x0800b8be       0x5a D:/Software/STM32CubeIDE_1.19.0/STM32CubeIDE/plugins/com.st.stm32cube.ide.mcu.externaltools.gnu-tools-for-stm32.13.3.rel1.win32_1.0.0.202411081344/tools/bin/../lib/gcc/arm-none-eabi/13.3.1/../../../../arm-none-eabi/lib/thumb/v7-m/nofp\libc_nano.a(libc_a-mprec.o)
                0x0800b8be                __lo0bits
 .text.__i2b    0x0800b918       0x2c D:/Software/STM32CubeIDE_1.19.0/STM32CubeIDE/plugins/com.st.stm32cube.ide.mcu.externaltools.gnu-tools-for-stm32.13.3.rel1.win32_1.0.0.202411081344/tools/bin/../lib/gcc/arm-none-eabi/13.3.1/../../../../arm-none-eabi/lib/thumb/v7-m/nofp\libc_nano.a(libc_a-mprec.o)
                0x0800b918                __i2b
 .text.__multiply
                0x0800b944      0x144 D:/Software/STM32CubeIDE_1.19.0/STM32CubeIDE/plugins/com.st.stm32cube.ide.mcu.externaltools.gnu-tools-for-stm32.13.3.rel1.win32_1.0.0.202411081344/tools/bin/../lib/gcc/arm-none-eabi/13.3.1/../../../../arm-none-eabi/lib/thumb/v7-m/nofp\libc_nano.a(libc_a-mprec.o)
                0x0800b944                __multiply
 .text.__pow5mult
                0x0800ba88       0xb4 D:/Software/STM32CubeIDE_1.19.0/STM32CubeIDE/plugins/com.st.stm32cube.ide.mcu.externaltools.gnu-tools-for-stm32.13.3.rel1.win32_1.0.0.202411081344/tools/bin/../lib/gcc/arm-none-eabi/13.3.1/../../../../arm-none-eabi/lib/thumb/v7-m/nofp\libc_nano.a(libc_a-mprec.o)
                0x0800ba88                __pow5mult
 .text.__lshift
                0x0800bb3c       0xd8 D:/Software/STM32CubeIDE_1.19.0/STM32CubeIDE/plugins/com.st.stm32cube.ide.mcu.externaltools.gnu-tools-for-stm32.13.3.rel1.win32_1.0.0.202411081344/tools/bin/../lib/gcc/arm-none-eabi/13.3.1/../../../../arm-none-eabi/lib/thumb/v7-m/nofp\libc_nano.a(libc_a-mprec.o)
                0x0800bb3c                __lshift
 .text.__mcmp   0x0800bc14       0x36 D:/Software/STM32CubeIDE_1.19.0/STM32CubeIDE/plugins/com.st.stm32cube.ide.mcu.externaltools.gnu-tools-for-stm32.13.3.rel1.win32_1.0.0.202411081344/tools/bin/../lib/gcc/arm-none-eabi/13.3.1/../../../../arm-none-eabi/lib/thumb/v7-m/nofp\libc_nano.a(libc_a-mprec.o)
                0x0800bc14                __mcmp
 *fill*         0x0800bc4a        0x2 
 .text.__mdiff  0x0800bc4c      0x128 D:/Software/STM32CubeIDE_1.19.0/STM32CubeIDE/plugins/com.st.stm32cube.ide.mcu.externaltools.gnu-tools-for-stm32.13.3.rel1.win32_1.0.0.202411081344/tools/bin/../lib/gcc/arm-none-eabi/13.3.1/../../../../arm-none-eabi/lib/thumb/v7-m/nofp\libc_nano.a(libc_a-mprec.o)
                0x0800bc4c                __mdiff
 .text.__ulp    0x0800bd74       0x40 D:/Software/STM32CubeIDE_1.19.0/STM32CubeIDE/plugins/com.st.stm32cube.ide.mcu.externaltools.gnu-tools-for-stm32.13.3.rel1.win32_1.0.0.202411081344/tools/bin/../lib/gcc/arm-none-eabi/13.3.1/../../../../arm-none-eabi/lib/thumb/v7-m/nofp\libc_nano.a(libc_a-mprec.o)
                0x0800bd74                __ulp
 .text.__b2d    0x0800bdb4       0x90 D:/Software/STM32CubeIDE_1.19.0/STM32CubeIDE/plugins/com.st.stm32cube.ide.mcu.externaltools.gnu-tools-for-stm32.13.3.rel1.win32_1.0.0.202411081344/tools/bin/../lib/gcc/arm-none-eabi/13.3.1/../../../../arm-none-eabi/lib/thumb/v7-m/nofp\libc_nano.a(libc_a-mprec.o)
                0x0800bdb4                __b2d
 .text.__d2b    0x0800be44       0xb0 D:/Software/STM32CubeIDE_1.19.0/STM32CubeIDE/plugins/com.st.stm32cube.ide.mcu.externaltools.gnu-tools-for-stm32.13.3.rel1.win32_1.0.0.202411081344/tools/bin/../lib/gcc/arm-none-eabi/13.3.1/../../../../arm-none-eabi/lib/thumb/v7-m/nofp\libc_nano.a(libc_a-mprec.o)
                0x0800be44                __d2b
 .text.__ratio  0x0800bef4       0x60 D:/Software/STM32CubeIDE_1.19.0/STM32CubeIDE/plugins/com.st.stm32cube.ide.mcu.externaltools.gnu-tools-for-stm32.13.3.rel1.win32_1.0.0.202411081344/tools/bin/../lib/gcc/arm-none-eabi/13.3.1/../../../../arm-none-eabi/lib/thumb/v7-m/nofp\libc_nano.a(libc_a-mprec.o)
                0x0800bef4                __ratio
 .text.__copybits
                0x0800bf54       0x46 D:/Software/STM32CubeIDE_1.19.0/STM32CubeIDE/plugins/com.st.stm32cube.ide.mcu.externaltools.gnu-tools-for-stm32.13.3.rel1.win32_1.0.0.202411081344/tools/bin/../lib/gcc/arm-none-eabi/13.3.1/../../../../arm-none-eabi/lib/thumb/v7-m/nofp\libc_nano.a(libc_a-mprec.o)
                0x0800bf54                __copybits
 .text.__any_on
                0x0800bf9a       0x42 D:/Software/STM32CubeIDE_1.19.0/STM32CubeIDE/plugins/com.st.stm32cube.ide.mcu.externaltools.gnu-tools-for-stm32.13.3.rel1.win32_1.0.0.202411081344/tools/bin/../lib/gcc/arm-none-eabi/13.3.1/../../../../arm-none-eabi/lib/thumb/v7-m/nofp\libc_nano.a(libc_a-mprec.o)
                0x0800bf9a                __any_on
 .text.__ascii_wctomb
                0x0800bfdc       0x1a D:/Software/STM32CubeIDE_1.19.0/STM32CubeIDE/plugins/com.st.stm32cube.ide.mcu.externaltools.gnu-tools-for-stm32.13.3.rel1.win32_1.0.0.202411081344/tools/bin/../lib/gcc/arm-none-eabi/13.3.1/../../../../arm-none-eabi/lib/thumb/v7-m/nofp\libc_nano.a(libc_a-wctomb_r.o)
                0x0800bfdc                __ascii_wctomb
 *fill*         0x0800bff6        0x2 
 .text.__sflush_r
                0x0800bff8      0x100 D:/Software/STM32CubeIDE_1.19.0/STM32CubeIDE/plugins/com.st.stm32cube.ide.mcu.externaltools.gnu-tools-for-stm32.13.3.rel1.win32_1.0.0.202411081344/tools/bin/../lib/gcc/arm-none-eabi/13.3.1/../../../../arm-none-eabi/lib/thumb/v7-m/nofp\libc_nano.a(libc_a-fflush.o)
                0x0800bff8                __sflush_r
 .text._fflush_r
                0x0800c0f8       0x50 D:/Software/STM32CubeIDE_1.19.0/STM32CubeIDE/plugins/com.st.stm32cube.ide.mcu.externaltools.gnu-tools-for-stm32.13.3.rel1.win32_1.0.0.202411081344/tools/bin/../lib/gcc/arm-none-eabi/13.3.1/../../../../arm-none-eabi/lib/thumb/v7-m/nofp\libc_nano.a(libc_a-fflush.o)
                0x0800c0f8                _fflush_r
 .text._sbrk_r  0x0800c148       0x20 D:/Software/STM32CubeIDE_1.19.0/STM32CubeIDE/plugins/com.st.stm32cube.ide.mcu.externaltools.gnu-tools-for-stm32.13.3.rel1.win32_1.0.0.202411081344/tools/bin/../lib/gcc/arm-none-eabi/13.3.1/../../../../arm-none-eabi/lib/thumb/v7-m/nofp\libc_nano.a(libc_a-sbrkr.o)
                0x0800c148                _sbrk_r
 .text.__assert_func
                0x0800c168       0x3c D:/Software/STM32CubeIDE_1.19.0/STM32CubeIDE/plugins/com.st.stm32cube.ide.mcu.externaltools.gnu-tools-for-stm32.13.3.rel1.win32_1.0.0.202411081344/tools/bin/../lib/gcc/arm-none-eabi/13.3.1/../../../../arm-none-eabi/lib/thumb/v7-m/nofp\libc_nano.a(libc_a-assert.o)
                0x0800c168                __assert_func
 .text._calloc_r
                0x0800c1a4       0x28 D:/Software/STM32CubeIDE_1.19.0/STM32CubeIDE/plugins/com.st.stm32cube.ide.mcu.externaltools.gnu-tools-for-stm32.13.3.rel1.win32_1.0.0.202411081344/tools/bin/../lib/gcc/arm-none-eabi/13.3.1/../../../../arm-none-eabi/lib/thumb/v7-m/nofp\libc_nano.a(libc_a-callocr.o)
                0x0800c1a4                _calloc_r
 .text.malloc   0x0800c1cc       0x10 D:/Software/STM32CubeIDE_1.19.0/STM32CubeIDE/plugins/com.st.stm32cube.ide.mcu.externaltools.gnu-tools-for-stm32.13.3.rel1.win32_1.0.0.202411081344/tools/bin/../lib/gcc/arm-none-eabi/13.3.1/../../../../arm-none-eabi/lib/thumb/v7-m/nofp\libc_nano.a(libc_a-malloc.o)
                0x0800c1cc                malloc
 .text.fprintf  0x0800c1dc       0x24 D:/Software/STM32CubeIDE_1.19.0/STM32CubeIDE/plugins/com.st.stm32cube.ide.mcu.externaltools.gnu-tools-for-stm32.13.3.rel1.win32_1.0.0.202411081344/tools/bin/../lib/gcc/arm-none-eabi/13.3.1/../../../../arm-none-eabi/lib/thumb/v7-m/nofp\libc_nano.a(libc_a-fprintf.o)
                0x0800c1dc                fiprintf
                0x0800c1dc                fprintf
 .text.abort    0x0800c200        0xe D:/Software/STM32CubeIDE_1.19.0/STM32CubeIDE/plugins/com.st.stm32cube.ide.mcu.externaltools.gnu-tools-for-stm32.13.3.rel1.win32_1.0.0.202411081344/tools/bin/../lib/gcc/arm-none-eabi/13.3.1/../../../../arm-none-eabi/lib/thumb/v7-m/nofp\libc_nano.a(libc_a-abort.o)
                0x0800c200                abort
 .text.__sfputc_r
                0x0800c20e       0x2a D:/Software/STM32CubeIDE_1.19.0/STM32CubeIDE/plugins/com.st.stm32cube.ide.mcu.externaltools.gnu-tools-for-stm32.13.3.rel1.win32_1.0.0.202411081344/tools/bin/../lib/gcc/arm-none-eabi/13.3.1/../../../../arm-none-eabi/lib/thumb/v7-m/nofp\libc_nano.a(libc_a-nano-vfprintf.o)
 .text.__sfputs_r
                0x0800c238       0x24 D:/Software/STM32CubeIDE_1.19.0/STM32CubeIDE/plugins/com.st.stm32cube.ide.mcu.externaltools.gnu-tools-for-stm32.13.3.rel1.win32_1.0.0.202411081344/tools/bin/../lib/gcc/arm-none-eabi/13.3.1/../../../../arm-none-eabi/lib/thumb/v7-m/nofp\libc_nano.a(libc_a-nano-vfprintf.o)
                0x0800c238                __sfputs_r
 .text._vfprintf_r
                0x0800c25c      0x230 D:/Software/STM32CubeIDE_1.19.0/STM32CubeIDE/plugins/com.st.stm32cube.ide.mcu.externaltools.gnu-tools-for-stm32.13.3.rel1.win32_1.0.0.202411081344/tools/bin/../lib/gcc/arm-none-eabi/13.3.1/../../../../arm-none-eabi/lib/thumb/v7-m/nofp\libc_nano.a(libc_a-nano-vfprintf.o)
                0x0800c25c                _vfprintf_r
                0x0800c25c                _vfiprintf_r
 .text._printf_common
                0x0800c48c       0xe4 D:/Software/STM32CubeIDE_1.19.0/STM32CubeIDE/plugins/com.st.stm32cube.ide.mcu.externaltools.gnu-tools-for-stm32.13.3.rel1.win32_1.0.0.202411081344/tools/bin/../lib/gcc/arm-none-eabi/13.3.1/../../../../arm-none-eabi/lib/thumb/v7-m/nofp\libc_nano.a(libc_a-nano-vfprintf_i.o)
                0x0800c48c                _printf_common
 .text._printf_i
                0x0800c570      0x23c D:/Software/STM32CubeIDE_1.19.0/STM32CubeIDE/plugins/com.st.stm32cube.ide.mcu.externaltools.gnu-tools-for-stm32.13.3.rel1.win32_1.0.0.202411081344/tools/bin/../lib/gcc/arm-none-eabi/13.3.1/../../../../arm-none-eabi/lib/thumb/v7-m/nofp\libc_nano.a(libc_a-nano-vfprintf_i.o)
                0x0800c570                _printf_i
 .text.__swbuf_r
                0x0800c7ac       0x7c D:/Software/STM32CubeIDE_1.19.0/STM32CubeIDE/plugins/com.st.stm32cube.ide.mcu.externaltools.gnu-tools-for-stm32.13.3.rel1.win32_1.0.0.202411081344/tools/bin/../lib/gcc/arm-none-eabi/13.3.1/../../../../arm-none-eabi/lib/thumb/v7-m/nofp\libc_nano.a(libc_a-wbuf.o)
                0x0800c7ac                __swbuf_r
 .text.__swsetup_r
                0x0800c828       0xac D:/Software/STM32CubeIDE_1.19.0/STM32CubeIDE/plugins/com.st.stm32cube.ide.mcu.externaltools.gnu-tools-for-stm32.13.3.rel1.win32_1.0.0.202411081344/tools/bin/../lib/gcc/arm-none-eabi/13.3.1/../../../../arm-none-eabi/lib/thumb/v7-m/nofp\libc_nano.a(libc_a-wsetup.o)
                0x0800c828                __swsetup_r
 .text._raise_r
                0x0800c8d4       0x50 D:/Software/STM32CubeIDE_1.19.0/STM32CubeIDE/plugins/com.st.stm32cube.ide.mcu.externaltools.gnu-tools-for-stm32.13.3.rel1.win32_1.0.0.202411081344/tools/bin/../lib/gcc/arm-none-eabi/13.3.1/../../../../arm-none-eabi/lib/thumb/v7-m/nofp\libc_nano.a(libc_a-signal.o)
                0x0800c8d4                _raise_r
 .text.raise    0x0800c924       0x10 D:/Software/STM32CubeIDE_1.19.0/STM32CubeIDE/plugins/com.st.stm32cube.ide.mcu.externaltools.gnu-tools-for-stm32.13.3.rel1.win32_1.0.0.202411081344/tools/bin/../lib/gcc/arm-none-eabi/13.3.1/../../../../arm-none-eabi/lib/thumb/v7-m/nofp\libc_nano.a(libc_a-signal.o)
                0x0800c924                raise
 .text._kill_r  0x0800c934       0x24 D:/Software/STM32CubeIDE_1.19.0/STM32CubeIDE/plugins/com.st.stm32cube.ide.mcu.externaltools.gnu-tools-for-stm32.13.3.rel1.win32_1.0.0.202411081344/tools/bin/../lib/gcc/arm-none-eabi/13.3.1/../../../../arm-none-eabi/lib/thumb/v7-m/nofp\libc_nano.a(libc_a-signalr.o)
                0x0800c934                _kill_r
 .text._getpid_r
                0x0800c958        0x4 D:/Software/STM32CubeIDE_1.19.0/STM32CubeIDE/plugins/com.st.stm32cube.ide.mcu.externaltools.gnu-tools-for-stm32.13.3.rel1.win32_1.0.0.202411081344/tools/bin/../lib/gcc/arm-none-eabi/13.3.1/../../../../arm-none-eabi/lib/thumb/v7-m/nofp\libc_nano.a(libc_a-signalr.o)
                0x0800c958                _getpid_r
 .text.memchr   0x0800c95c       0x1c D:/Software/STM32CubeIDE_1.19.0/STM32CubeIDE/plugins/com.st.stm32cube.ide.mcu.externaltools.gnu-tools-for-stm32.13.3.rel1.win32_1.0.0.202411081344/tools/bin/../lib/gcc/arm-none-eabi/13.3.1/../../../../arm-none-eabi/lib/thumb/v7-m/nofp\libc_nano.a(libc_a-memchr-stub.o)
                0x0800c95c                memchr
 .text.__swhatbuf_r
                0x0800c978       0x4a D:/Software/STM32CubeIDE_1.19.0/STM32CubeIDE/plugins/com.st.stm32cube.ide.mcu.externaltools.gnu-tools-for-stm32.13.3.rel1.win32_1.0.0.202411081344/tools/bin/../lib/gcc/arm-none-eabi/13.3.1/../../../../arm-none-eabi/lib/thumb/v7-m/nofp\libc_nano.a(libc_a-makebuf.o)
                0x0800c978                __swhatbuf_r
 .text.__smakebuf_r
                0x0800c9c2       0x78 D:/Software/STM32CubeIDE_1.19.0/STM32CubeIDE/plugins/com.st.stm32cube.ide.mcu.externaltools.gnu-tools-for-stm32.13.3.rel1.win32_1.0.0.202411081344/tools/bin/../lib/gcc/arm-none-eabi/13.3.1/../../../../arm-none-eabi/lib/thumb/v7-m/nofp\libc_nano.a(libc_a-makebuf.o)
                0x0800c9c2                __smakebuf_r
 *fill*         0x0800ca3a        0x2 
 .text._fstat_r
                0x0800ca3c       0x24 D:/Software/STM32CubeIDE_1.19.0/STM32CubeIDE/plugins/com.st.stm32cube.ide.mcu.externaltools.gnu-tools-for-stm32.13.3.rel1.win32_1.0.0.202411081344/tools/bin/../lib/gcc/arm-none-eabi/13.3.1/../../../../arm-none-eabi/lib/thumb/v7-m/nofp\libc_nano.a(libc_a-fstatr.o)
                0x0800ca3c                _fstat_r
 .text._isatty_r
                0x0800ca60       0x20 D:/Software/STM32CubeIDE_1.19.0/STM32CubeIDE/plugins/com.st.stm32cube.ide.mcu.externaltools.gnu-tools-for-stm32.13.3.rel1.win32_1.0.0.202411081344/tools/bin/../lib/gcc/arm-none-eabi/13.3.1/../../../../arm-none-eabi/lib/thumb/v7-m/nofp\libc_nano.a(libc_a-isattyr.o)
                0x0800ca60                _isatty_r
 .text.sqrtf    0x0800ca80       0x34 D:/Software/STM32CubeIDE_1.19.0/STM32CubeIDE/plugins/com.st.stm32cube.ide.mcu.externaltools.gnu-tools-for-stm32.13.3.rel1.win32_1.0.0.202411081344/tools/bin/../lib/gcc/arm-none-eabi/13.3.1/../../../../arm-none-eabi/lib/thumb/v7-m/nofp\libm.a(libm_a-wf_sqrt.o)
                0x0800ca80                sqrtf
 .text.__ieee754_sqrtf
                0x0800cab4       0xe0 D:/Software/STM32CubeIDE_1.19.0/STM32CubeIDE/plugins/com.st.stm32cube.ide.mcu.externaltools.gnu-tools-for-stm32.13.3.rel1.win32_1.0.0.202411081344/tools/bin/../lib/gcc/arm-none-eabi/13.3.1/../../../../arm-none-eabi/lib/thumb/v7-m/nofp\libm.a(libm_a-ef_sqrt.o)
                0x0800cab4                __ieee754_sqrtf
 .text.roundf   0x0800cb94       0x48 D:/Software/STM32CubeIDE_1.19.0/STM32CubeIDE/plugins/com.st.stm32cube.ide.mcu.externaltools.gnu-tools-for-stm32.13.3.rel1.win32_1.0.0.202411081344/tools/bin/../lib/gcc/arm-none-eabi/13.3.1/../../../../arm-none-eabi/lib/thumb/v7-m/nofp\libm.a(libm_a-sf_round.o)
                0x0800cb94                roundf
 *(.glue_7)
 .glue_7        0x0800cbdc        0x0 linker stubs
 *(.glue_7t)
 .glue_7t       0x0800cbdc        0x0 linker stubs
 *(.eh_frame)
 .eh_frame      0x0800cbdc        0x0 D:/Software/STM32CubeIDE_1.19.0/STM32CubeIDE/plugins/com.st.stm32cube.ide.mcu.externaltools.gnu-tools-for-stm32.13.3.rel1.win32_1.0.0.202411081344/tools/bin/../lib/gcc/arm-none-eabi/13.3.1/thumb/v7-m/nofp/crtbegin.o
 *(.init)
 .init          0x0800cbdc        0x4 D:/Software/STM32CubeIDE_1.19.0/STM32CubeIDE/plugins/com.st.stm32cube.ide.mcu.externaltools.gnu-tools-for-stm32.13.3.rel1.win32_1.0.0.202411081344/tools/bin/../lib/gcc/arm-none-eabi/13.3.1/thumb/v7-m/nofp/crti.o
                0x0800cbdc                _init
 .init          0x0800cbe0        0x8 D:/Software/STM32CubeIDE_1.19.0/STM32CubeIDE/plugins/com.st.stm32cube.ide.mcu.externaltools.gnu-tools-for-stm32.13.3.rel1.win32_1.0.0.202411081344/tools/bin/../lib/gcc/arm-none-eabi/13.3.1/thumb/v7-m/nofp/crtn.o
 *(.fini)
 .fini          0x0800cbe8        0x4 D:/Software/STM32CubeIDE_1.19.0/STM32CubeIDE/plugins/com.st.stm32cube.ide.mcu.externaltools.gnu-tools-for-stm32.13.3.rel1.win32_1.0.0.202411081344/tools/bin/../lib/gcc/arm-none-eabi/13.3.1/thumb/v7-m/nofp/crti.o
                0x0800cbe8                _fini
 .fini          0x0800cbec        0x8 D:/Software/STM32CubeIDE_1.19.0/STM32CubeIDE/plugins/com.st.stm32cube.ide.mcu.externaltools.gnu-tools-for-stm32.13.3.rel1.win32_1.0.0.202411081344/tools/bin/../lib/gcc/arm-none-eabi/13.3.1/thumb/v7-m/nofp/crtn.o
                0x0800cbf4                        . = ALIGN (0x4)
                0x0800cbf4                        _etext = .

.vfp11_veneer   0x0800cbf4        0x0
 .vfp11_veneer  0x0800cbf4        0x0 linker stubs

.v4_bx          0x0800cbf4        0x0
 .v4_bx         0x0800cbf4        0x0 linker stubs

.iplt           0x0800cbf4        0x0
 .iplt          0x0800cbf4        0x0 D:/Software/STM32CubeIDE_1.19.0/STM32CubeIDE/plugins/com.st.stm32cube.ide.mcu.externaltools.gnu-tools-for-stm32.13.3.rel1.win32_1.0.0.202411081344/tools/bin/../lib/gcc/arm-none-eabi/13.3.1/thumb/v7-m/nofp/crtbegin.o

.rodata         0x0800cbf8      0xeb8
                0x0800cbf8                        . = ALIGN (0x4)
 *(.rodata)
 .rodata        0x0800cbf8      0xad2 ./Core/Src/grbl_AxisArm.o
 *(.rodata*)
 *fill*         0x0800d6ca        0x2 
 .rodata.AHBPrescTable
                0x0800d6cc       0x10 ./Core/Src/system_stm32f1xx.o
                0x0800d6cc                AHBPrescTable
 .rodata.aPLLMULFactorTable.1
                0x0800d6dc       0x10 ./Drivers/STM32F1xx_HAL_Driver/Src/stm32f1xx_hal_rcc.o
 .rodata.aPredivFactorTable.0
                0x0800d6ec        0x2 ./Drivers/STM32F1xx_HAL_Driver/Src/stm32f1xx_hal_rcc.o
 .rodata._strtod_l.str1.1
                0x0800d6ee      0x166 D:/Software/STM32CubeIDE_1.19.0/STM32CubeIDE/plugins/com.st.stm32cube.ide.mcu.externaltools.gnu-tools-for-stm32.13.3.rel1.win32_1.0.0.202411081344/tools/bin/../lib/gcc/arm-none-eabi/13.3.1/../../../../arm-none-eabi/lib/thumb/v7-m/nofp\libc_nano.a(libc_a-strtod.o)
                                  0xf (size before relaxing)
 .rodata.fpinan.0
                0x0800d854       0x14 D:/Software/STM32CubeIDE_1.19.0/STM32CubeIDE/plugins/com.st.stm32cube.ide.mcu.externaltools.gnu-tools-for-stm32.13.3.rel1.win32_1.0.0.202411081344/tools/bin/../lib/gcc/arm-none-eabi/13.3.1/../../../../arm-none-eabi/lib/thumb/v7-m/nofp\libc_nano.a(libc_a-strtod.o)
 .rodata.fpi.1  0x0800d868       0x14 D:/Software/STM32CubeIDE_1.19.0/STM32CubeIDE/plugins/com.st.stm32cube.ide.mcu.externaltools.gnu-tools-for-stm32.13.3.rel1.win32_1.0.0.202411081344/tools/bin/../lib/gcc/arm-none-eabi/13.3.1/../../../../arm-none-eabi/lib/thumb/v7-m/nofp\libc_nano.a(libc_a-strtod.o)
 *fill*         0x0800d87c        0x4 
 .rodata.tinytens
                0x0800d880       0x28 D:/Software/STM32CubeIDE_1.19.0/STM32CubeIDE/plugins/com.st.stm32cube.ide.mcu.externaltools.gnu-tools-for-stm32.13.3.rel1.win32_1.0.0.202411081344/tools/bin/../lib/gcc/arm-none-eabi/13.3.1/../../../../arm-none-eabi/lib/thumb/v7-m/nofp\libc_nano.a(libc_a-strtod.o)
 .rodata._ctype_
                0x0800d8a8      0x101 D:/Software/STM32CubeIDE_1.19.0/STM32CubeIDE/plugins/com.st.stm32cube.ide.mcu.externaltools.gnu-tools-for-stm32.13.3.rel1.win32_1.0.0.202411081344/tools/bin/../lib/gcc/arm-none-eabi/13.3.1/../../../../arm-none-eabi/lib/thumb/v7-m/nofp\libc_nano.a(libc_a-ctype_.o)
                0x0800d8a8                _ctype_
 .rodata._setlocale_r.str1.1
                0x0800d9a9        0x9 D:/Software/STM32CubeIDE_1.19.0/STM32CubeIDE/plugins/com.st.stm32cube.ide.mcu.externaltools.gnu-tools-for-stm32.13.3.rel1.win32_1.0.0.202411081344/tools/bin/../lib/gcc/arm-none-eabi/13.3.1/../../../../arm-none-eabi/lib/thumb/v7-m/nofp\libc_nano.a(libc_a-locale.o)
 .rodata.str1.1
                0x0800d9a9        0x2 D:/Software/STM32CubeIDE_1.19.0/STM32CubeIDE/plugins/com.st.stm32cube.ide.mcu.externaltools.gnu-tools-for-stm32.13.3.rel1.win32_1.0.0.202411081344/tools/bin/../lib/gcc/arm-none-eabi/13.3.1/../../../../arm-none-eabi/lib/thumb/v7-m/nofp\libc_nano.a(libc_a-locale.o)
 .rodata.__gethex.str1.1
                0x0800d9a9       0x73 D:/Software/STM32CubeIDE_1.19.0/STM32CubeIDE/plugins/com.st.stm32cube.ide.mcu.externaltools.gnu-tools-for-stm32.13.3.rel1.win32_1.0.0.202411081344/tools/bin/../lib/gcc/arm-none-eabi/13.3.1/../../../../arm-none-eabi/lib/thumb/v7-m/nofp\libc_nano.a(libc_a-gdtoa-gethex.o)
 .rodata._Balloc.str1.1
                0x0800d9a9       0x70 D:/Software/STM32CubeIDE_1.19.0/STM32CubeIDE/plugins/com.st.stm32cube.ide.mcu.externaltools.gnu-tools-for-stm32.13.3.rel1.win32_1.0.0.202411081344/tools/bin/../lib/gcc/arm-none-eabi/13.3.1/../../../../arm-none-eabi/lib/thumb/v7-m/nofp\libc_nano.a(libc_a-mprec.o)
 .rodata.__multadd.str1.1
                0x0800d9a9       0x11 D:/Software/STM32CubeIDE_1.19.0/STM32CubeIDE/plugins/com.st.stm32cube.ide.mcu.externaltools.gnu-tools-for-stm32.13.3.rel1.win32_1.0.0.202411081344/tools/bin/../lib/gcc/arm-none-eabi/13.3.1/../../../../arm-none-eabi/lib/thumb/v7-m/nofp\libc_nano.a(libc_a-mprec.o)
 *fill*         0x0800d9a9        0x3 
 .rodata.p05.0  0x0800d9ac        0xc D:/Software/STM32CubeIDE_1.19.0/STM32CubeIDE/plugins/com.st.stm32cube.ide.mcu.externaltools.gnu-tools-for-stm32.13.3.rel1.win32_1.0.0.202411081344/tools/bin/../lib/gcc/arm-none-eabi/13.3.1/../../../../arm-none-eabi/lib/thumb/v7-m/nofp\libc_nano.a(libc_a-mprec.o)
 .rodata.__mprec_bigtens
                0x0800d9b8       0x28 D:/Software/STM32CubeIDE_1.19.0/STM32CubeIDE/plugins/com.st.stm32cube.ide.mcu.externaltools.gnu-tools-for-stm32.13.3.rel1.win32_1.0.0.202411081344/tools/bin/../lib/gcc/arm-none-eabi/13.3.1/../../../../arm-none-eabi/lib/thumb/v7-m/nofp\libc_nano.a(libc_a-mprec.o)
                0x0800d9b8                __mprec_bigtens
 .rodata.__mprec_tens
                0x0800d9e0       0xc8 D:/Software/STM32CubeIDE_1.19.0/STM32CubeIDE/plugins/com.st.stm32cube.ide.mcu.externaltools.gnu-tools-for-stm32.13.3.rel1.win32_1.0.0.202411081344/tools/bin/../lib/gcc/arm-none-eabi/13.3.1/../../../../arm-none-eabi/lib/thumb/v7-m/nofp\libc_nano.a(libc_a-mprec.o)
                0x0800d9e0                __mprec_tens
 .rodata.__assert_func.str1.1
                0x0800daa8       0x3d D:/Software/STM32CubeIDE_1.19.0/STM32CubeIDE/plugins/com.st.stm32cube.ide.mcu.externaltools.gnu-tools-for-stm32.13.3.rel1.win32_1.0.0.202411081344/tools/bin/../lib/gcc/arm-none-eabi/13.3.1/../../../../arm-none-eabi/lib/thumb/v7-m/nofp\libc_nano.a(libc_a-assert.o)
 .rodata._vfprintf_r.str1.1
                0x0800daa8       0x11 D:/Software/STM32CubeIDE_1.19.0/STM32CubeIDE/plugins/com.st.stm32cube.ide.mcu.externaltools.gnu-tools-for-stm32.13.3.rel1.win32_1.0.0.202411081344/tools/bin/../lib/gcc/arm-none-eabi/13.3.1/../../../../arm-none-eabi/lib/thumb/v7-m/nofp\libc_nano.a(libc_a-nano-vfprintf.o)
 .rodata._printf_i.str1.1
                0x0800daa8       0x22 D:/Software/STM32CubeIDE_1.19.0/STM32CubeIDE/plugins/com.st.stm32cube.ide.mcu.externaltools.gnu-tools-for-stm32.13.3.rel1.win32_1.0.0.202411081344/tools/bin/../lib/gcc/arm-none-eabi/13.3.1/../../../../arm-none-eabi/lib/thumb/v7-m/nofp\libc_nano.a(libc_a-nano-vfprintf_i.o)
 .rodata.tiny   0x0800daa8        0x4 D:/Software/STM32CubeIDE_1.19.0/STM32CubeIDE/plugins/com.st.stm32cube.ide.mcu.externaltools.gnu-tools-for-stm32.13.3.rel1.win32_1.0.0.202411081344/tools/bin/../lib/gcc/arm-none-eabi/13.3.1/../../../../arm-none-eabi/lib/thumb/v7-m/nofp\libm.a(libm_a-ef_sqrt.o)
 .rodata.one    0x0800daac        0x4 D:/Software/STM32CubeIDE_1.19.0/STM32CubeIDE/plugins/com.st.stm32cube.ide.mcu.externaltools.gnu-tools-for-stm32.13.3.rel1.win32_1.0.0.202411081344/tools/bin/../lib/gcc/arm-none-eabi/13.3.1/../../../../arm-none-eabi/lib/thumb/v7-m/nofp\libm.a(libm_a-ef_sqrt.o)
                0x0800dae8                        . = ALIGN (0x4)

.ARM.extab      0x0800dab0        0x0
                0x0800dab0                        . = ALIGN (0x4)
 *(.ARM.extab* .gnu.linkonce.armextab.*)
                0x0800dab0                        . = ALIGN (0x4)

.ARM            0x0800dab0        0x8
                0x0800dab0                        . = ALIGN (0x4)
                0x0800dab0                        __exidx_start = .
 *(.ARM.exidx*)
 .ARM.exidx     0x0800dab0        0x8 D:/Software/STM32CubeIDE_1.19.0/STM32CubeIDE/plugins/com.st.stm32cube.ide.mcu.externaltools.gnu-tools-for-stm32.13.3.rel1.win32_1.0.0.202411081344/tools/bin/../lib/gcc/arm-none-eabi/13.3.1/../../../../arm-none-eabi/lib/thumb/v7-m/nofp\libc_nano.a(libc_a-strcmp.o)
                0x0800dab8                        __exidx_end = .
                0x0800dab8                        . = ALIGN (0x4)

.preinit_array  0x0800dab8        0x0
                0x0800dab8                        . = ALIGN (0x4)
                0x0800dab8                        PROVIDE (__preinit_array_start = .)
 *(.preinit_array*)
                0x0800dab8                        PROVIDE (__preinit_array_end = .)
                0x0800dab8                        . = ALIGN (0x4)

.init_array     0x0800dab8        0x4
                0x0800dab8                        . = ALIGN (0x4)
                0x0800dab8                        PROVIDE (__init_array_start = .)
 *(SORT_BY_NAME(.init_array.*))
 *(.init_array*)
 .init_array    0x0800dab8        0x4 D:/Software/STM32CubeIDE_1.19.0/STM32CubeIDE/plugins/com.st.stm32cube.ide.mcu.externaltools.gnu-tools-for-stm32.13.3.rel1.win32_1.0.0.202411081344/tools/bin/../lib/gcc/arm-none-eabi/13.3.1/thumb/v7-m/nofp/crtbegin.o
                0x0800dabc                        PROVIDE (__init_array_end = .)
                0x0800dabc                        . = ALIGN (0x4)

.fini_array     0x0800dabc        0x4
                0x0800dabc                        . = ALIGN (0x4)
                [!provide]                        PROVIDE (__fini_array_start = .)
 *(SORT_BY_NAME(.fini_array.*))
 *(.fini_array*)
 .fini_array    0x0800dabc        0x4 D:/Software/STM32CubeIDE_1.19.0/STM32CubeIDE/plugins/com.st.stm32cube.ide.mcu.externaltools.gnu-tools-for-stm32.13.3.rel1.win32_1.0.0.202411081344/tools/bin/../lib/gcc/arm-none-eabi/13.3.1/thumb/v7-m/nofp/crtbegin.o
                [!provide]                        PROVIDE (__fini_array_end = .)
                0x0800dac0                        . = ALIGN (0x4)
                0x0800dac0                        _sidata = LOADADDR (.data)

.rel.dyn        0x0800dac0        0x0
 .rel.iplt      0x0800dac0        0x0 D:/Software/STM32CubeIDE_1.19.0/STM32CubeIDE/plugins/com.st.stm32cube.ide.mcu.externaltools.gnu-tools-for-stm32.13.3.rel1.win32_1.0.0.202411081344/tools/bin/../lib/gcc/arm-none-eabi/13.3.1/thumb/v7-m/nofp/crtbegin.o

.data           0x20000000      0x1d8 load address 0x0800dac0
                0x20000000                        . = ALIGN (0x4)
                0x20000000                        _sdata = .
 *(.data)
 *(.data*)
 .data.current_feedrate
                0x20000000        0x4 ./Core/Src/grbl_AxisArm.o
 .data.SystemCoreClock
                0x20000004        0x4 ./Core/Src/system_stm32f1xx.o
                0x20000004                SystemCoreClock
 .data.uwTickPrio
                0x20000008        0x4 ./Drivers/STM32F1xx_HAL_Driver/Src/stm32f1xx_hal.o
                0x20000008                uwTickPrio
 .data.uwTickFreq
                0x2000000c        0x1 ./Drivers/STM32F1xx_HAL_Driver/Src/stm32f1xx_hal.o
                0x2000000c                uwTickFreq
 *fill*         0x2000000d        0x3 
 .data.__sglue  0x20000010        0xc D:/Software/STM32CubeIDE_1.19.0/STM32CubeIDE/plugins/com.st.stm32cube.ide.mcu.externaltools.gnu-tools-for-stm32.13.3.rel1.win32_1.0.0.202411081344/tools/bin/../lib/gcc/arm-none-eabi/13.3.1/../../../../arm-none-eabi/lib/thumb/v7-m/nofp\libc_nano.a(libc_a-findfp.o)
                0x20000010                __sglue
 .data.__global_locale
                0x2000001c      0x16c D:/Software/STM32CubeIDE_1.19.0/STM32CubeIDE/plugins/com.st.stm32cube.ide.mcu.externaltools.gnu-tools-for-stm32.13.3.rel1.win32_1.0.0.202411081344/tools/bin/../lib/gcc/arm-none-eabi/13.3.1/../../../../arm-none-eabi/lib/thumb/v7-m/nofp\libc_nano.a(libc_a-locale.o)
                0x2000001c                __global_locale
 .data._impure_ptr
                0x20000188        0x4 D:/Software/STM32CubeIDE_1.19.0/STM32CubeIDE/plugins/com.st.stm32cube.ide.mcu.externaltools.gnu-tools-for-stm32.13.3.rel1.win32_1.0.0.202411081344/tools/bin/../lib/gcc/arm-none-eabi/13.3.1/../../../../arm-none-eabi/lib/thumb/v7-m/nofp\libc_nano.a(libc_a-impure.o)
                0x20000188                _impure_ptr
 .data._impure_data
                0x2000018c       0x4c D:/Software/STM32CubeIDE_1.19.0/STM32CubeIDE/plugins/com.st.stm32cube.ide.mcu.externaltools.gnu-tools-for-stm32.13.3.rel1.win32_1.0.0.202411081344/tools/bin/../lib/gcc/arm-none-eabi/13.3.1/../../../../arm-none-eabi/lib/thumb/v7-m/nofp\libc_nano.a(libc_a-impure.o)
                0x2000018c                _impure_data
 *(.RamFunc)
 *(.RamFunc*)
                0x200001d8                        . = ALIGN (0x4)
                0x200001d8                        _edata = .

.igot.plt       0x200001d8        0x0 load address 0x0800dc98
 .igot.plt      0x200001d8        0x0 D:/Software/STM32CubeIDE_1.19.0/STM32CubeIDE/plugins/com.st.stm32cube.ide.mcu.externaltools.gnu-tools-for-stm32.13.3.rel1.win32_1.0.0.202411081344/tools/bin/../lib/gcc/arm-none-eabi/13.3.1/thumb/v7-m/nofp/crtbegin.o
                0x200001d8                        . = ALIGN (0x4)

.bss            0x200001d8     0x1144 load address 0x0800dc98
                0x200001d8                        _sbss = .
                0x200001d8                        __bss_start__ = _sbss
 *(.bss)
 .bss           0x200001d8       0x1c D:/Software/STM32CubeIDE_1.19.0/STM32CubeIDE/plugins/com.st.stm32cube.ide.mcu.externaltools.gnu-tools-for-stm32.13.3.rel1.win32_1.0.0.202411081344/tools/bin/../lib/gcc/arm-none-eabi/13.3.1/thumb/v7-m/nofp/crtbegin.o
 *(.bss*)
 .bss.cnc_machine
                0x200001f4      0x17c ./Core/Src/grbl_AxisArm.o
                0x200001f4                cnc_machine
 .bss.cnc_config
                0x20000370       0x60 ./Core/Src/grbl_AxisArm.o
                0x20000370                cnc_config
 .bss.cnc_uart_rx
                0x200003d0      0x106 ./Core/Src/grbl_AxisArm.o
                0x200003d0                cnc_uart_rx
 *fill*         0x200004d6        0x2 
 .bss.cnc_systick_ms
                0x200004d8        0x4 ./Core/Src/grbl_AxisArm.o
                0x200004d8                cnc_systick_ms
 .bss.cnc_send_ok_flag
                0x200004dc        0x1 ./Core/Src/grbl_AxisArm.o
                0x200004dc                cnc_send_ok_flag
 .bss.cnc_auto_report_flag
                0x200004dd        0x1 ./Core/Src/grbl_AxisArm.o
                0x200004dd                cnc_auto_report_flag
 *fill*         0x200004de        0x2 
 .bss.gui_proto
                0x200004e0       0x48 ./Core/Src/grbl_AxisArm.o
                0x200004e0                gui_proto
 .bss.bresenham_total
                0x20000528        0x8 ./Core/Src/grbl_AxisArm.o
 .bss.bresenham_counter
                0x20000530       0x20 ./Core/Src/grbl_AxisArm.o
 .bss.bresenham_steps
                0x20000550       0x20 ./Core/Src/grbl_AxisArm.o
 .bss.step_events_remaining
                0x20000570        0x8 ./Core/Src/grbl_AxisArm.o
 .bss.rapid_mode
                0x20000578        0x1 ./Core/Src/grbl_AxisArm.o
 *fill*         0x20000579        0x3 
 .bss.auto_report_counter
                0x2000057c        0x4 ./Core/Src/grbl_AxisArm.o
 .bss.current_step_period
                0x20000580        0x4 ./Core/Src/grbl_AxisArm.o
 .bss.homing_step_count
                0x20000584        0x4 ./Core/Src/grbl_AxisArm.o
 .bss.homing_limit_hit
                0x20000588        0x1 ./Core/Src/grbl_AxisArm.o
 *fill*         0x20000589        0x3 
 .bss.uart_dma_rx
                0x2000058c      0x104 ./Core/Src/grbl_AxisArm.o
 .bss.cmd_queue
                0x20000690      0x503 ./Core/Src/grbl_AxisArm.o
 *fill*         0x20000b93        0x1 
 .bss.planner   0x20000b94      0x4d8 ./Core/Src/grbl_AxisArm.o
 .bss.step_phase
                0x2000106c        0x1 ./Core/Src/grbl_AxisArm.o
 *fill*         0x2000106d        0x3 
 .bss.step_high_ticks
                0x20001070        0x4 ./Core/Src/grbl_AxisArm.o
 .bss.step_low_ticks
                0x20001074        0x4 ./Core/Src/grbl_AxisArm.o
 .bss.pending_step
                0x20001078        0x4 ./Core/Src/grbl_AxisArm.o
 .bss.idx.2     0x2000107c        0x2 ./Core/Src/grbl_AxisArm.o
 *fill*         0x2000107e        0x2 
 .bss.temp.1    0x20001080       0x80 ./Core/Src/grbl_AxisArm.o
 .bss.line.0    0x20001100       0x80 ./Core/Src/grbl_AxisArm.o
 .bss.htim1     0x20001180       0x48 ./Core/Src/main.o
                0x20001180                htim1
 .bss.__sbrk_heap_end
                0x200011c8        0x4 ./Core/Src/sysmem.o
 .bss.uwTick    0x200011cc        0x4 ./Drivers/STM32F1xx_HAL_Driver/Src/stm32f1xx_hal.o
                0x200011cc                uwTick
 .bss.__sf      0x200011d0      0x138 D:/Software/STM32CubeIDE_1.19.0/STM32CubeIDE/plugins/com.st.stm32cube.ide.mcu.externaltools.gnu-tools-for-stm32.13.3.rel1.win32_1.0.0.202411081344/tools/bin/../lib/gcc/arm-none-eabi/13.3.1/../../../../arm-none-eabi/lib/thumb/v7-m/nofp\libc_nano.a(libc_a-findfp.o)
                0x200011d0                __sf
 .bss.__stdio_exit_handler